Component: ARM Compiler 5.06 update 6 (build 750) Tool: armlink [4d35ed]

==============================================================================

Section Cross References

    startup_stm32f446xx.o(RESET) refers to startup_stm32f446xx.o(STACK) for __initial_sp
    startup_stm32f446xx.o(RESET) refers to startup_stm32f446xx.o(.text) for Reset_Handler
    startup_stm32f446xx.o(RESET) refers to stm32f4xx_it.o(i.NMI_Handler) for NMI_Handler
    startup_stm32f446xx.o(RESET) refers to stm32f4xx_it.o(i.HardFault_Handler) for HardFault_Handler
    startup_stm32f446xx.o(RESET) refers to stm32f4xx_it.o(i.MemManage_Handler) for MemManage_Handler
    startup_stm32f446xx.o(RESET) refers to stm32f4xx_it.o(i.BusFault_Handler) for BusFault_Handler
    startup_stm32f446xx.o(RESET) refers to stm32f4xx_it.o(i.UsageFault_Handler) for UsageFault_Handler
    startup_stm32f446xx.o(RESET) refers to stm32f4xx_it.o(i.SVC_Handler) for SVC_Handler
    startup_stm32f446xx.o(RESET) refers to stm32f4xx_it.o(i.DebugMon_Handler) for DebugMon_Handler
    startup_stm32f446xx.o(RESET) refers to stm32f4xx_it.o(i.PendSV_Handler) for PendSV_Handler
    startup_stm32f446xx.o(RESET) refers to stm32f4xx_it.o(i.SysTick_Handler) for SysTick_Handler
    startup_stm32f446xx.o(RESET) refers to stm32f4xx_it.o(i.UART5_IRQHandler) for UART5_IRQHandler
    startup_stm32f446xx.o(.text) refers to system_stm32f4xx.o(i.SystemInit) for SystemInit
    startup_stm32f446xx.o(.text) refers to entry.o(.ARM.Collect$$$$00000000) for __main
    machine.o(i.clear_gsm_uart) refers to memseta.o(.text) for __aeabi_memclr
    machine.o(i.get_command_window_status) refers to strstr.o(.text) for strstr
    machine.o(i.get_current_window) refers to machine.o(.data) for .data
    machine.o(i.machine_loop) refers to machine.o(i.clear_gsm_uart) for clear_gsm_uart
    machine.o(i.machine_loop) refers to strlen.o(.text) for strlen
    machine.o(i.machine_loop) refers to machine.o(.bss) for .bss
    machine.o(i.machine_loop) refers to machine.o(.data) for .data
    machine.o(i.machine_repeated_task) refers to machine.o(i.machine_start) for machine_start
    machine.o(i.machine_start) refers to machine.o(i.clear_gsm_uart) for clear_gsm_uart
    machine.o(i.machine_start) refers to strlen.o(.text) for strlen
    machine.o(i.machine_start) refers to machine.o(.bss) for .bss
    machine.o(i.machine_systick) refers to strstr.o(.text) for strstr
    machine.o(i.machine_systick) refers to machine.o(i.machine_start) for machine_start
    machine.o(i.machine_systick) refers to machine.o(.data) for .data
    machine.o(i.machine_systick) refers to machine.o(.bss) for .bss
    machine.o(i.machine_systick) refers to main.o(.data) for gsm_reinit_flag
    machine.o(i.machine_systick) refers to main.o(.bss) for command_machine_t
    machine.o(i.machine_trans) refers to strstr.o(.text) for strstr
    machine.o(i.machine_trans) refers to machine.o(i.machine_start) for machine_start
    platform_specific.o(i.close_conn) refers to printf3.o(i.__0snprintf$3) for __2snprintf
    platform_specific.o(i.close_conn) refers to strlen.o(.text) for strlen
    platform_specific.o(i.get_clock) refers to _scanf_int.o(.text) for _scanf_int
    platform_specific.o(i.get_clock) refers to memseta.o(.text) for __aeabi_memclr4
    platform_specific.o(i.get_clock) refers to strlen.o(.text) for strlen
    platform_specific.o(i.get_clock) refers to strstr.o(.text) for strstr
    platform_specific.o(i.get_clock) refers to __0sscanf.o(.text) for __0sscanf
    platform_specific.o(i.get_clock) refers to stm32f4xx_hal_rtc.o(i.HAL_RTC_SetDate) for HAL_RTC_SetDate
    platform_specific.o(i.get_clock) refers to stm32f4xx_hal_rtc.o(i.HAL_RTC_SetTime) for HAL_RTC_SetTime
    platform_specific.o(i.get_clock) refers to rtc.o(.bss) for hrtc
    platform_specific.o(i.get_imei) refers to strlen.o(.text) for strlen
    platform_specific.o(i.get_imei) refers to strstr.o(.text) for strstr
    platform_specific.o(i.get_imei) refers to memseta.o(.text) for __aeabi_memclr4
    platform_specific.o(i.get_imei) refers to memcpya.o(.text) for __aeabi_memcpy
    platform_specific.o(i.get_imei) refers to platform_specific.o(.bss) for .bss
    platform_specific.o(i.get_imei) refers to machine.o(.bss) for gsm_uart
    platform_specific.o(i.init_all_command_window) refers to machine.o(i.command_window_init) for command_window_init
    platform_specific.o(i.init_all_command_window) refers to platform_specific.o(.data) for .data
    platform_specific.o(i.init_all_command_window) refers to platform_specific.o(.bss) for .bss
    platform_specific.o(i.put_connect_host) refers to printf3.o(i.__0snprintf$3) for __2snprintf
    platform_specific.o(i.put_connect_host) refers to strlen.o(.text) for strlen
    platform_specific.o(i.send_data_to_host) refers to printf3.o(i.__0snprintf$3) for __2snprintf
    platform_specific.o(i.send_data_to_host) refers to strlen.o(.text) for strlen
[...]
    Removing stm32f4xx_hal_cortex.o(i.HAL_MPU_ConfigRegion), (84 bytes).
    Removing stm32f4xx_hal_cortex.o(i.HAL_MPU_Disable), (28 bytes).
    Removing stm32f4xx_hal_cortex.o(i.HAL_MPU_Enable), (36 bytes).
    Removing stm32f4xx_hal_cortex.o(i.HAL_NVIC_ClearPendingIRQ), (26 bytes).
    Removing stm32f4xx_hal_cortex.o(i.HAL_NVIC_DisableIRQ), (34 bytes).
    Removing stm32f4xx_hal_cortex.o(i.HAL_NVIC_GetActive), (36 bytes).
    Removing stm32f4xx_hal_cortex.o(i.HAL_NVIC_GetPendingIRQ), (36 bytes).
    Removing stm32f4xx_hal_cortex.o(i.HAL_NVIC_GetPriority), (82 bytes).
    Removing stm32f4xx_hal_cortex.o(i.HAL_NVIC_GetPriorityGrouping), (16 bytes).
    Removing stm32f4xx_hal_cortex.o(i.HAL_NVIC_SetPendingIRQ), (26 bytes).
    Removing stm32f4xx_hal_cortex.o(i.HAL_NVIC_SystemReset), (36 bytes).
    Removing stm32f4xx_hal_cortex.o(i.HAL_SYSTICK_CLKSourceConfig), (24 bytes).
    Removing stm32f4xx_hal_cortex.o(i.HAL_SYSTICK_Callback), (2 bytes).
    Removing stm32f4xx_hal_cortex.o(i.HAL_SYSTICK_IRQHandler), (8 bytes).
    Removing stm32f4xx_hal.o(.rev16_text), (4 bytes).
    Removing stm32f4xx_hal.o(.revsh_text), (4 bytes).
    Removing stm32f4xx_hal.o(.rrx_text), (6 bytes).
    Removing stm32f4xx_hal.o(i.HAL_DBGMCU_DisableDBGSleepMode), (16 bytes).
    Removing stm32f4xx_hal.o(i.HAL_DBGMCU_DisableDBGStandbyMode), (16 bytes).
    Removing stm32f4xx_hal.o(i.HAL_DBGMCU_DisableDBGStopMode), (16 bytes).
    Removing stm32f4xx_hal.o(i.HAL_DBGMCU_EnableDBGSleepMode), (16 bytes).
    Removing stm32f4xx_hal.o(i.HAL_DBGMCU_EnableDBGStandbyMode), (16 bytes).
    Removing stm32f4xx_hal.o(i.HAL_DBGMCU_EnableDBGStopMode), (16 bytes).
    Removing stm32f4xx_hal.o(i.HAL_DeInit), (52 bytes).
    Removing stm32f4xx_hal.o(i.HAL_DisableCompensationCell), (12 bytes).
    Removing stm32f4xx_hal.o(i.HAL_EnableCompensationCell), (12 bytes).
    Removing stm32f4xx_hal.o(i.HAL_GetDEVID), (16 bytes).
    Removing stm32f4xx_hal.o(i.HAL_GetHalVersion), (8 bytes).
    Removing stm32f4xx_hal.o(i.HAL_GetREVID), (12 bytes).
    Removing stm32f4xx_hal.o(i.HAL_GetTickFreq), (12 bytes).
    Removing stm32f4xx_hal.o(i.HAL_GetTickPrio), (12 bytes).
    Removing stm32f4xx_hal.o(i.HAL_GetUIDw0), (12 bytes).
    Removing stm32f4xx_hal.o(i.HAL_GetUIDw1), (12 bytes).
    Removing stm32f4xx_hal.o(i.HAL_GetUIDw2), (12 bytes).
    Removing stm32f4xx_hal.o(i.HAL_MspDeInit), (2 bytes).
    Removing stm32f4xx_hal.o(i.HAL_MspInit), (2 bytes).
    Removing stm32f4xx_hal.o(i.HAL_ResumeTick), (14 bytes).
    Removing stm32f4xx_hal.o(i.HAL_SetTickFreq), (36 bytes).
    Removing stm32f4xx_hal.o(i.HAL_SuspendTick), (14 bytes).
    Removing stm32f4xx_hal_exti.o(.rev16_text), (4 bytes).
    Removing stm32f4xx_hal_exti.o(.revsh_text), (4 bytes).
    Removing stm32f4xx_hal_exti.o(.rrx_text), (6 bytes).
    Removing stm32f4xx_hal_exti.o(i.HAL_EXTI_ClearConfigLine), (108 bytes).
    Removing stm32f4xx_hal_exti.o(i.HAL_EXTI_ClearPending), (20 bytes).
    Removing stm32f4xx_hal_exti.o(i.HAL_EXTI_GenerateSWI), (20 bytes).
    Removing stm32f4xx_hal_exti.o(i.HAL_EXTI_GetConfigLine), (156 bytes).
    Removing stm32f4xx_hal_exti.o(i.HAL_EXTI_GetHandle), (12 bytes).
    Removing stm32f4xx_hal_exti.o(i.HAL_EXTI_GetPending), (24 bytes).
    Removing stm32f4xx_hal_exti.o(i.HAL_EXTI_IRQHandler), (36 bytes).
    Removing stm32f4xx_hal_exti.o(i.HAL_EXTI_RegisterCallback), (14 bytes).
    Removing stm32f4xx_hal_exti.o(i.HAL_EXTI_SetConfigLine), (168 bytes).
    Removing stm32f4xx_hal_tim.o(.rev16_text), (4 bytes).
    Removing stm32f4xx_hal_tim.o(.revsh_text), (4 bytes).
    Removing stm32f4xx_hal_tim.o(.rrx_text), (6 bytes).
    Removing stm32f4xx_hal_tim_ex.o(.rev16_text), (4 bytes).
    Removing stm32f4xx_hal_tim_ex.o(.revsh_text), (4 bytes).
    Removing stm32f4xx_hal_tim_ex.o(.rrx_text), (6 bytes).
    Removing stm32f4xx_hal_uart.o(.rev16_text), (4 bytes).
    Removing stm32f4xx_hal_uart.o(.revsh_text), (4 bytes).
    Removing stm32f4xx_hal_uart.o(.rrx_text), (6 bytes).
    Removing stm32f4xx_hal_uart.o(i.HAL_HalfDuplex_EnableReceiver), (50 bytes).
    Removing stm32f4xx_hal_uart.o(i.HAL_HalfDuplex_EnableTransmitter), (50 bytes).
    Removing stm32f4xx_hal_uart.o(i.HAL_HalfDuplex_Init), (108 bytes).
    Removing stm32f4xx_hal_uart.o(i.HAL_LIN_Init), (128 bytes).
    Removing stm32f4xx_hal_uart.o(i.HAL_LIN_SendBreak), (46 bytes).
    Removing stm32f4xx_hal_uart.o(i.HAL_MultiProcessor_EnterMuteMode), (46 bytes).
    Removing stm32f4xx_hal_uart.o(i.HAL_MultiProcessor_ExitMuteMode), (46 bytes).
    Removing stm32f4xx_hal_uart.o(i.HAL_MultiProcessor_Init), (142 bytes).
    Removing stm32f4xx_hal_uart.o(i.HAL_UART_Abort), (138 bytes).
    Removing stm32f4xx_hal_uart.o(i.HAL_UART_AbortCpltCallback), (2 bytes).
    Removing stm32f4xx_hal_uart.o(i.HAL_UART_AbortReceive), (88 bytes).
    Removing stm32f4xx_hal_uart.o(i.HAL_UART_AbortReceiveCpltCallback), (2 bytes).
    Removing stm32f4xx_hal_uart.o(i.HAL_UART_AbortReceive_IT), (92 bytes).
    Removing stm32f4xx_hal_uart.o(i.HAL_UART_AbortTransmit), (78 bytes).
    Removing stm32f4xx_hal_uart.o(i.HAL_UART_AbortTransmitCpltCallback), (2 bytes).
    Removing stm32f4xx_hal_uart.o(i.HAL_UART_AbortTransmit_IT), (84 bytes).
    Removing stm32f4xx_hal_uart.o(i.HAL_UART_Abort_IT), (172 bytes).
    Removing stm32f4xx_hal_uart.o(i.HAL_UART_DMAPause), (102 bytes).
    Removing stm32f4xx_hal_uart.o(i.HAL_UART_DMAResume), (94 bytes).
    Removing stm32f4xx_hal_uart.o(i.HAL_UART_DMAStop), (88 bytes).
    Removing stm32f4xx_hal_uart.o(i.HAL_UART_DeInit), (50 bytes).
    Removing stm32f4xx_hal_uart.o(i.HAL_UART_GetError), (4 bytes).
    Removing stm32f4xx_hal_uart.o(i.HAL_UART_GetState), (10 bytes).
    Removing stm32f4xx_hal_uart.o(i.HAL_UART_MspDeInit), (2 bytes).
    Removing stm32f4xx_hal_uart.o(i.HAL_UART_MspInit), (2 bytes).
    Removing stm32f4xx_hal_uart.o(i.HAL_UART_Receive), (190 bytes).
    Removing stm32f4xx_hal_uart.o(i.HAL_UART_Receive_DMA), (152 bytes).
    Removing stm32f4xx_hal_uart.o(i.HAL_UART_RxCpltCallback), (2 bytes).
    Removing stm32f4xx_hal_uart.o(i.HAL_UART_RxHalfCpltCallback), (2 bytes).
    Removing stm32f4xx_hal_uart.o(i.HAL_UART_Transmit_DMA), (128 bytes).
    Removing stm32f4xx_hal_uart.o(i.HAL_UART_Transmit_IT), (62 bytes).
    Removing stm32f4xx_hal_uart.o(i.HAL_UART_TxHalfCpltCallback), (2 bytes).
    Removing stm32f4xx_hal_uart.o(i.UART_DMAError), (74 bytes).
    Removing stm32f4xx_hal_uart.o(i.UART_DMAReceiveCplt), (60 bytes).
    Removing stm32f4xx_hal_uart.o(i.UART_DMARxAbortCallback), (42 bytes).
    Removing stm32f4xx_hal_uart.o(i.UART_DMARxHalfCplt), (10 bytes).
    Removing stm32f4xx_hal_uart.o(i.UART_DMARxOnlyAbortCallback), (20 bytes).
    Removing stm32f4xx_hal_uart.o(i.UART_DMATransmitCplt), (46 bytes).
    Removing stm32f4xx_hal_uart.o(i.UART_DMATxAbortCallback), (42 bytes).
    Removing stm32f4xx_hal_uart.o(i.UART_DMATxHalfCplt), (10 bytes).
    Removing stm32f4xx_hal_uart.o(i.UART_DMATxOnlyAbortCallback), (20 bytes).
    Removing stm32f4xx_hal_uart.o(i.UART_EndTxTransfer), (18 bytes).
    Removing system_stm32f4xx.o(.rev16_text), (4 bytes).
    Removing system_stm32f4xx.o(.revsh_text), (4 bytes).
    Removing system_stm32f4xx.o(.rrx_text), (6 bytes).
    Removing system_stm32f4xx.o(i.SystemCoreClockUpdate), (120 bytes).
    Removing dadd.o(.text), (334 bytes).
    Removing dmul.o(.text), (228 bytes).
    Removing ddiv.o(.text), (222 bytes).
    Removing dfixul.o(.text), (48 bytes).
    Removing cdrcmple.o(.text), (48 bytes).
    Removing depilogue.o(.text), (186 bytes).

340 unused section(s) (total 33270 bytes) removed from the image.

==============================================================================

Image Symbol Table

    Local Symbols

    Symbol Name                              Value     Ov Type        Size  Object(Section)

    ../Core/Src/gpio.c                       0x00000000   Number         0  gpio.o ABSOLUTE
    ../Core/Src/main.c                       0x00000000   Number         0  main.o ABSOLUTE
    ../Core/Src/rtc.c                        0x00000000   Number         0  rtc.o ABSOLUTE
    ../Core/Src/stm32f4xx_hal_msp.c          0x00000000   Number         0  stm32f4xx_hal_msp.o ABSOLUTE
    ../Core/Src/stm32f4xx_it.c               0x00000000   Number         0  stm32f4xx_it.o ABSOLUTE
    ../Core/Src/system_stm32f4xx.c           0x00000000   Number         0  system_stm32f4xx.o ABSOLUTE
    ../Core/Src/usart.c                      0x00000000   Number         0  usart.o ABSOLUTE
    ../Drivers/STM32F4xx_HAL_Driver/Src/stm32f4xx_hal.c 0x00000000   Number         0  stm32f4xx_hal.o ABSOLUTE
    ../Drivers/STM32F4xx_HAL_Driver/Src/stm32f4xx_hal_cortex.c 0x00000000   Number         0  stm32f4xx_hal_cortex.o ABSOLUTE
    ../Drivers/STM32F4xx_HAL_Driver/Src/stm32f4xx_hal_dma.c 0x00000000   Number         0  stm32f4xx_hal_dma.o ABSOLUTE
    ../Drivers/STM32F4xx_HAL_Driver/Src/stm32f4xx_hal_dma_ex.c 0x00000000   Number         0  stm32f4xx_hal_dma_ex.o ABSOLUTE
    ../Drivers/STM32F4xx_HAL_Driver/Src/stm32f4xx_hal_exti.c 0x00000000   Number         0  stm32f4xx_hal_exti.o ABSOLUTE
    ../Drivers/STM32F4xx_HAL_Driver/Src/stm32f4xx_hal_flash.c 0x00000000   Number         0  stm32f4xx_hal_flash.o ABSOLUTE
    ../Drivers/STM32F4xx_HAL_Driver/Src/stm32f4xx_hal_flash_ex.c 0x00000000   Number         0  stm32f4xx_hal_flash_ex.o ABSOLUTE
    ../Drivers/STM32F4xx_HAL_Driver/Src/stm32f4xx_hal_flash_ramfunc.c 0x00000000   Number         0  stm32f4xx_hal_flash_ramfunc.o ABSOLUTE
    ../Drivers/STM32F4xx_HAL_Driver/Src/stm32f4xx_hal_gpio.c 0x00000000   Number         0  stm32f4xx_hal_gpio.o ABSOLUTE
    ../Drivers/STM32F4xx_HAL_Driver/Src/stm32f4xx_hal_pwr.c 0x00000000   Number         0  stm32f4xx_hal_pwr.o ABSOLUTE
    ../Drivers/STM32F4xx_HAL_Driver/Src/stm32f4xx_hal_pwr_ex.c 0x00000000   Number         0  stm32f4xx_hal_pwr_ex.o ABSOLUTE
    ../Drivers/STM32F4xx_HAL_Driver/Src/stm32f4xx_hal_rcc.c 0x00000000   Number         0  stm32f4xx_hal_rcc.o ABSOLUTE
    ../Drivers/STM32F4xx_HAL_Driver/Src/stm32f4xx_hal_rcc_ex.c 0x00000000   Number         0  stm32f4xx_hal_rcc_ex.o ABSOLUTE
    ../Drivers/STM32F4xx_HAL_Driver/Src/stm32f4xx_hal_rtc.c 0x00000000   Number         0  stm32f4xx_hal_rtc.o ABSOLUTE
    ../Drivers/STM32F4xx_HAL_Driver/Src/stm32f4xx_hal_rtc_ex.c 0x00000000   Number         0  stm32f4xx_hal_rtc_ex.o ABSOLUTE
    ../Drivers/STM32F4xx_HAL_Driver/Src/stm32f4xx_hal_tim.c 0x00000000   Number         0  stm32f4xx_hal_tim.o ABSOLUTE
    ../Drivers/STM32F4xx_HAL_Driver/Src/stm32f4xx_hal_tim_ex.c 0x00000000   Number         0  stm32f4xx_hal_tim_ex.o ABSOLUTE
    ../Drivers/STM32F4xx_HAL_Driver/Src/stm32f4xx_hal_uart.c 0x00000000   Number         0  stm32f4xx_hal_uart.o ABSOLUTE
    ../clib/../cmprslib/zerorunl2.c          0x00000000   Number         0  __dczerorl2.o ABSOLUTE
    ../clib/microlib/ctype/ctype.c           0x00000000   Number         0  ctype_c.o ABSOLUTE
    ../clib/microlib/ctype/ctype.c           0x00000000   Number         0  isspace_c.o ABSOLUTE
    ../clib/microlib/division.c              0x00000000   Number         0  uidiv.o ABSOLUTE
    ../clib/microlib/division.c              0x00000000   Number         0  uldiv.o ABSOLUTE
    ../clib/microlib/init/entry.s            0x00000000   Number         0  entry9b.o ABSOLUTE
    ../clib/microlib/init/entry.s            0x00000000   Number         0  entry5.o ABSOLUTE
    ../clib/microlib/init/entry.s            0x00000000   Number         0  entry2.o ABSOLUTE
    ../clib/microlib/init/entry.s            0x00000000   Number         0  entry7a.o ABSOLUTE
    ../clib/microlib/init/entry.s            0x00000000   Number         0  entry.o ABSOLUTE
    ../clib/microlib/init/entry.s            0x00000000   Number         0  entry11b.o ABSOLUTE
    ../clib/microlib/init/entry.s            0x00000000   Number         0  entry11a.o ABSOLUTE
    ../clib/microlib/init/entry.s            0x00000000   Number         0  entry10b.o ABSOLUTE
    ../clib/microlib/init/entry.s            0x00000000   Number         0  entry10a.o ABSOLUTE
    ../clib/microlib/init/entry.s            0x00000000   Number         0  entry9a.o ABSOLUTE
    ../clib/microlib/init/entry.s            0x00000000   Number         0  entry8b.o ABSOLUTE
    ../clib/microlib/init/entry.s            0x00000000   Number         0  entry8a.o ABSOLUTE
    ../clib/microlib/init/entry.s            0x00000000   Number         0  entry7b.o ABSOLUTE
    ../clib/microlib/longlong.c              0x00000000   Number         0  llsshr.o ABSOLUTE
    ../clib/microlib/longlong.c              0x00000000   Number         0  llushr.o ABSOLUTE
    ../clib/microlib/longlong.c              0x00000000   Number         0  llshl.o ABSOLUTE
    ../clib/microlib/printf/printf.c         0x00000000   Number         0  printf8.o ABSOLUTE
    ../clib/microlib/printf/printf.c         0x00000000   Number         0  printf0.o ABSOLUTE
    ../clib/microlib/printf/printf.c         0x00000000   Number         0  printf2.o ABSOLUTE
    ../clib/microlib/printf/printf.c         0x00000000   Number         0  printfb.o ABSOLUTE
    ../clib/microlib/printf/printf.c         0x00000000   Number         0  printfa.o ABSOLUTE
    ../clib/microlib/printf/printf.c         0x00000000   Number         0  printf3.o ABSOLUTE
    ../clib/microlib/printf/printf.c         0x00000000   Number         0  printf4.o ABSOLUTE
    ../clib/microlib/printf/printf.c         0x00000000   Number         0  printf5.o ABSOLUTE
    ../clib/microlib/printf/printf.c         0x00000000   Number         0  printf6.o ABSOLUTE
    ../clib/microlib/printf/printf.c         0x00000000   Number         0  printf7.o ABSOLUTE
    ../clib/microlib/printf/printf.c         0x00000000   Number         0  printf1.o ABSOLUTE
    ../clib/microlib/printf/stubs.s          0x00000000   Number         0  stubs.o ABSOLUTE
    ../clib/microlib/stdio/fputc.c           0x00000000   Number         0  fputc.o ABSOLUTE
    ../clib/microlib/stdio/semi.s            0x00000000   Number         0  semi.o ABSOLUTE
    ../clib/microlib/stdio/streams.c         0x00000000   Number         0  stdout.o ABSOLUTE
    ../clib/microlib/string/memcpy.c         0x00000000   Number         0  memcpyb.o ABSOLUTE
    ../clib/microlib/string/memcpy.c         0x00000000   Number         0  memcpya.o ABSOLUTE
    ../clib/microlib/string/memset.c         0x00000000   Number         0  memseta.o ABSOLUTE
    ../clib/microlib/string/strlen.c         0x00000000   Number         0  strlen.o ABSOLUTE
    ../clib/microlib/string/strstr.c         0x00000000   Number         0  strstr.o ABSOLUTE
    ../clib/microlib/stubs.s                 0x00000000   Number         0  iusesemip.o ABSOLUTE
    ../clib/microlib/stubs.s                 0x00000000   Number         0  iusefp.o ABSOLUTE
    ../clib/scanf.c                          0x00000000   Number         0  _sgetc.o ABSOLUTE
    ../clib/scanf.c                          0x00000000   Number         0  _chval.o ABSOLUTE
    ../clib/scanf.c                          0x00000000   Number         0  _scanf_int.o ABSOLUTE
    ../clib/scanf.c                          0x00000000   Number         0  __0sscanf.o ABSOLUTE
    ../clib/scanf.c                          0x00000000   Number         0  _scanf.o ABSOLUTE
    ../clib/scanf.c                          0x00000000   Number         0  scanf_char.o ABSOLUTE
    ../fplib/microlib/fpadd.c                0x00000000   Number         0  dadd.o ABSOLUTE
    ../fplib/microlib/fpdiv.c                0x00000000   Number         0  ddiv.o ABSOLUTE
    ../fplib/microlib/fpepilogue.c           0x00000000   Number         0  depilogue.o ABSOLUTE
    ../fplib/microlib/fpfix.c                0x00000000   Number         0  dfixul.o ABSOLUTE
    ../fplib/microlib/fpmul.c                0x00000000   Number         0  dmul.o ABSOLUTE
    ..\Core\Src\gpio.c                       0x00000000   Number         0  gpio.o ABSOLUTE
    ..\Core\Src\main.c                       0x00000000   Number         0  main.o ABSOLUTE
    ..\Core\Src\rtc.c                        0x00000000   Number         0  rtc.o ABSOLUTE
    ..\Core\Src\stm32f4xx_hal_msp.c          0x00000000   Number         0  stm32f4xx_hal_msp.o ABSOLUTE
    ..\Core\Src\stm32f4xx_it.c               0x00000000   Number         0  stm32f4xx_it.o ABSOLUTE
    ..\Core\Src\system_stm32f4xx.c           0x00000000   Number         0  system_stm32f4xx.o ABSOLUTE
    ..\Core\Src\usart.c                      0x00000000   Number         0  usart.o ABSOLUTE
    ..\Drivers\STM32F4xx_HAL_Driver\Src\stm32f4xx_hal.c 0x00000000   Number         0  stm32f4xx_hal.o ABSOLUTE
    ..\Drivers\STM32F4xx_HAL_Driver\Src\stm32f4xx_hal_cortex.c 0x00000000   Number         0  stm32f4xx_hal_cortex.o ABSOLUTE
    ..\Drivers\STM32F4xx_HAL_Driver\Src\stm32f4xx_hal_dma.c 0x00000000   Number         0  stm32f4xx_hal_dma.o ABSOLUTE
    ..\Drivers\STM32F4xx_HAL_Driver\Src\stm32f4xx_hal_dma_ex.c 0x00000000   Number         0  stm32f4xx_hal_dma_ex.o ABSOLUTE
    ..\Drivers\STM32F4xx_HAL_Driver\Src\stm32f4xx_hal_exti.c 0x00000000   Number         0  stm32f4xx_hal_exti.o ABSOLUTE
    ..\Drivers\STM32F4xx_HAL_Driver\Src\stm32f4xx_hal_flash.c 0x00000000   Number         0  stm32f4xx_hal_flash.o ABSOLUTE
    ..\Drivers\STM32F4xx_HAL_Driver\Src\stm32f4xx_hal_flash_ex.c 0x00000000   Number         0  stm32f4xx_hal_flash_ex.o ABSOLUTE
    ..\Drivers\STM32F4xx_HAL_Driver\Src\stm32f4xx_hal_flash_ramfunc.c 0x00000000   Number         0  stm32f4xx_hal_flash_ramfunc.o ABSOLUTE
    ..\Drivers\STM32F4xx_HAL_Driver\Src\stm32f4xx_hal_gpio.c 0x00000000   Number         0  stm32f4xx_hal_gpio.o ABSOLUTE
    ..\Drivers\STM32F4xx_HAL_Driver\Src\stm32f4xx_hal_pwr.c 0x00000000   Number         0  stm32f4xx_hal_pwr.o ABSOLUTE
    ..\Drivers\STM32F4xx_HAL_Driver\Src\stm32f4xx_hal_pwr_ex.c 0x00000000   Number         0  stm32f4xx_hal_pwr_ex.o ABSOLUTE
    ..\Drivers\STM32F4xx_HAL_Driver\Src\stm32f4xx_hal_rcc.c 0x00000000   Number         0  stm32f4xx_hal_rcc.o ABSOLUTE
    ..\Drivers\STM32F4xx_HAL_Driver\Src\stm32f4xx_hal_rcc_ex.c 0x00000000   Number         0  stm32f4xx_hal_rcc_ex.o ABSOLUTE
    ..\Drivers\STM32F4xx_HAL_Driver\Src\stm32f4xx_hal_rtc.c 0x00000000   Number         0  stm32f4xx_hal_rtc.o ABSOLUTE
    ..\Drivers\STM32F4xx_HAL_Driver\Src\stm32f4xx_hal_rtc_ex.c 0x00000000   Number         0  stm32f4xx_hal_rtc_ex.o ABSOLUTE
    ..\Drivers\STM32F4xx_HAL_Driver\Src\stm32f4xx_hal_tim.c 0x00000000   Number         0  stm32f4xx_hal_tim.o ABSOLUTE
    ..\Drivers\STM32F4xx_HAL_Driver\Src\stm32f4xx_hal_tim_ex.c 0x00000000   Number         0  stm32f4xx_hal_tim_ex.o ABSOLUTE
    ..\Drivers\STM32F4xx_HAL_Driver\Src\stm32f4xx_hal_uart.c 0x00000000   Number         0  stm32f4xx_hal_uart.o ABSOLUTE
    ..\UserLib\machine\Src\machine.c         0x00000000   Number         0  machine.o ABSOLUTE
    ..\UserLib\machine_man\Src\platform_specific.c 0x00000000   Number         0  platform_specific.o ABSOLUTE
    ..\\UserLib\\machine_man\\Src\\platform_specific.c 0x00000000   Number         0  platform_specific.o ABSOLUTE
    cdrcmple.s                               0x00000000   Number         0  cdrcmple.o ABSOLUTE
    dc.s                                     0x00000000   Number         0  dc.o ABSOLUTE
    handlers.s                               0x00000000   Number         0  handlers.o ABSOLUTE
    init.s                                   0x00000000   Number         0  init.o ABSOLUTE
    startup_stm32f446xx.s                    0x00000000   Number         0  startup_stm32f446xx.o ABSOLUTE
    RESET                                    0x08000000   Section      452  startup_stm32f446xx.o(RESET)
    .ARM.Collect$$$$00000000                 0x080001c4   Section        0  entry.o(.ARM.Collect$$$$00000000)
    .ARM.Collect$$$$00000001                 0x080001c4   Section        4  entry2.o(.ARM.Collect$$$$00000001)
    .ARM.Collect$$$$00000004                 0x080001c8   Section        4  entry5.o(.ARM.Collect$$$$00000004)
    .ARM.Collect$$$$00000008                 0x080001cc   Section        0  entry7b.o(.ARM.Collect$$$$00000008)
    .ARM.Collect$$$$0000000A                 0x080001cc   Section        0  entry8b.o(.ARM.Collect$$$$0000000A)
    .ARM.Collect$$$$0000000B                 0x080001cc   Section        8  entry9a.o(.ARM.Collect$$$$0000000B)
    .ARM.Collect$$$$0000000D                 0x080001d4   Section        0  entry10a.o(.ARM.Collect$$$$0000000D)
    .ARM.Collect$$$$0000000F                 0x080001d4   Section        0  entry11a.o(.ARM.Collect$$$$0000000F)
    .ARM.Collect$$$$00002712                 0x080001d4   Section        4  entry2.o(.ARM.Collect$$$$00002712)
    __lit__00000000                          0x080001d4   Data           4  entry2.o(.ARM.Collect$$$$00002712)
    .text                                    0x080001d8   Section       36  startup_stm32f446xx.o(.text)
    $v0                                      0x080001d8   Number         0  startup_stm32f446xx.o(.text)
    .text                                    0x080001fc   Section        0  uldiv.o(.text)
    .text                                    0x0800025e   Section        0  memcpya.o(.text)
    .text                                    0x08000282   Section        0  memseta.o(.text)
    .text                                    0x080002a6   Section        0  strstr.o(.text)
    .text                                    0x080002ca   Section        0  strlen.o(.text)
    .text                                    0x080002d8   Section        0  __0sscanf.o(.text)
    .text                                    0x08000310   Section        0  _scanf_int.o(.text)
    .text                                    0x0800045c   Section        0  uidiv.o(.text)
    .text                                    0x08000488   Section        0  llshl.o(.text)
    .text                                    0x080004a6   Section        0  llushr.o(.text)
    .text                                    0x080004c6   Section        0  _chval.o(.text)
    .text                                    0x080004e4   Section        0  scanf_char.o(.text)
    _scanf_char_input                        0x080004e5   Thumb Code    12  scanf_char.o(.text)
    .text                                    0x0800050c   Section        0  _sgetc.o(.text)
    .text                                    0x0800054c   Section       36  init.o(.text)
    .text                                    0x08000570   Section        0  isspace_c.o(.text)
    .text                                    0x0800057c   Section        0  _scanf.o(.text)
    .text                                    0x080008a8   Section        0  ctype_c.o(.text)
    .text                                    0x080008d0   Section        0  __dczerorl2.o(.text)
    i.BusFault_Handler                       0x08000926   Section        0  stm32f4xx_it.o(i.BusFault_Handler)
    i.DebugMon_Handler                       0x08000928   Section        0  stm32f4xx_it.o(i.DebugMon_Handler)
    i.Error_Handler                          0x0800092a   Section        0  main.o(i.Error_Handler)
    i.GSM_Init                               0x0800092c   Section        0  main.o(i.GSM_Init)
    GSM_Init                                 0x0800092d   Thumb Code   118  main.o(i.GSM_Init)
    i.HAL_DMA_Abort_IT                       0x080009ac   Section        0  stm32f4xx_hal_dma.o(i.HAL_DMA_Abort_IT)
    i.HAL_Delay                              0x080009d0   Section        0  stm32f4xx_hal.o(i.HAL_Delay)
    i.HAL_GPIO_Init                          0x080009f4   Section        0  stm32f4xx_hal_gpio.o(i.HAL_GPIO_Init)
    i.HAL_GPIO_WritePin                      0x08000b9c   Section        0  stm32f4xx_hal_gpio.o(i.HAL_GPIO_WritePin)
    i.HAL_GetTick                            0x08000ba8   Section        0  stm32f4xx_hal.o(i.HAL_GetTick)
    i.HAL_IncTick                            0x08000bb4   Section        0  stm32f4xx_hal.o(i.HAL_IncTick)
    i.HAL_Init                               0x08000bc4   Section        0  stm32f4xx_hal.o(i.HAL_Init)
    i.HAL_InitTick                           0x08000bf8   Section        0  stm32f4xx_hal.o(i.HAL_InitTick)
    i.HAL_MspInit                            0x08000c38   Section        0  stm32f4xx_hal_msp.o(i.HAL_MspInit)
    i.HAL_NVIC_EnableIRQ                     0x08000c68   Section        0  stm32f4xx_hal_cortex.o(i.HAL_NVIC_EnableIRQ)
    i.HAL_NVIC_SetPriority                   0x08000c84   Section        0  stm32f4xx_hal_cortex.o(i.HAL_NVIC_SetPriority)
    i.HAL_NVIC_SetPriorityGrouping           0x08000cc4   Section        0  stm32f4xx_hal_cortex.o(i.HAL_NVIC_SetPriorityGrouping)
    i.HAL_RCCEx_PeriphCLKConfig              0x08000ce8   Section        0  stm32f4xx_hal_rcc_ex.o(i.HAL_RCCEx_PeriphCLKConfig)
    i.HAL_RCC_ClockConfig                    0x08001118   Section        0  stm32f4xx_hal_rcc.o(i.HAL_RCC_ClockConfig)
    i.HAL_RCC_GetPCLK1Freq                   0x0800124c   Section        0  stm32f4xx_hal_rcc.o(i.HAL_RCC_GetPCLK1Freq)
    i.HAL_RCC_GetPCLK2Freq                   0x0800126c   Section        0  stm32f4xx_hal_rcc.o(i.HAL_RCC_GetPCLK2Freq)
    i.HAL_RCC_GetSysClockFreq                0x0800128c   Section        0  stm32f4xx_hal_rcc_ex.o(i.HAL_RCC_GetSysClockFreq)
    i.HAL_RCC_OscConfig                      0x08001320   Section        0  stm32f4xx_hal_rcc_ex.o(i.HAL_RCC_OscConfig)
    i.HAL_RTC_Init                           0x08001664   Section        0  stm32f4xx_hal_rtc.o(i.HAL_RTC_Init)
    i.HAL_RTC_MspInit                        0x08001710   Section        0  rtc.o(i.HAL_RTC_MspInit)
    i.HAL_RTC_SetDate                        0x08001728   Section        0  stm32f4xx_hal_rtc.o(i.HAL_RTC_SetDate)
    i.HAL_RTC_SetTime                        0x080017f0   Section        0  stm32f4xx_hal_rtc.o(i.HAL_RTC_SetTime)
    i.HAL_RTC_WaitForSynchro                 0x080018dc   Section        0  stm32f4xx_hal_rtc.o(i.HAL_RTC_WaitForSynchro)
    i.HAL_SYSTICK_Config                     0x08001912   Section        0  stm32f4xx_hal_cortex.o(i.HAL_SYSTICK_Config)
    i.HAL_UART_ErrorCallback                 0x0800193a   Section        0  stm32f4xx_hal_uart.o(i.HAL_UART_ErrorCallback)
    i.HAL_UART_IRQHandler                    0x0800193c   Section        0  stm32f4xx_hal_uart.o(i.HAL_UART_IRQHandler)
    i.HAL_UART_Init                          0x08001a50   Section        0  stm32f4xx_hal_uart.o(i.HAL_UART_Init)
    i.HAL_UART_MspInit                       0x08001ab4   Section        0  usart.o(i.HAL_UART_MspInit)
    i.HAL_UART_Receive_IT                    0x08001b30   Section        0  stm32f4xx_hal_uart.o(i.HAL_UART_Receive_IT)
    i.HAL_UART_RxCpltCallback                0x08001b84   Section        0  main.o(i.HAL_UART_RxCpltCallback)
    i.HAL_UART_Transmit                      0x08001bf4   Section        0  stm32f4xx_hal_uart.o(i.HAL_UART_Transmit)
    i.HAL_UART_TxCpltCallback                0x08001cae   Section        0  stm32f4xx_hal_uart.o(i.HAL_UART_TxCpltCallback)
    i.HardFault_Handler                      0x08001cb0   Section        0  stm32f4xx_it.o(i.HardFault_Handler)
    i.MX_GPIO_Init                           0x08001cb4   Section        0  gpio.o(i.MX_GPIO_Init)
    i.MX_RTC_Init                            0x08001ea0   Section        0  rtc.o(i.MX_RTC_Init)
    i.MX_UART5_Init                          0x08001ed4   Section        0  usart.o(i.MX_UART5_Init)
    i.MemManage_Handler                      0x08001f0c   Section        0  stm32f4xx_it.o(i.MemManage_Handler)
    i.NMI_Handler                            0x08001f0e   Section        0  stm32f4xx_it.o(i.NMI_Handler)
    i.PendSV_Handler                         0x08001f10   Section        0  stm32f4xx_it.o(i.PendSV_Handler)
    i.RTC_ByteToBcd2                         0x08001f12   Section        0  stm32f4xx_hal_rtc.o(i.RTC_ByteToBcd2)
    i.RTC_EnterInitMode                      0x08001f28   Section        0  stm32f4xx_hal_rtc.o(i.RTC_EnterInitMode)
    i.SVC_Handler                            0x08001f62   Section        0  stm32f4xx_it.o(i.SVC_Handler)
    i.SysTick_Handler                        0x08001f64   Section        0  stm32f4xx_it.o(i.SysTick_Handler)
    i.SystemClock_Config                     0x08001f78   Section        0  main.o(i.SystemClock_Config)
    i.SystemInit                             0x0800201c   Section        0  system_stm32f4xx.o(i.SystemInit)
    i.UART5_IRQHandler                       0x08002038   Section        0  stm32f4xx_it.o(i.UART5_IRQHandler)
    i.UART_DMAAbortOnError                   0x08002044   Section        0  stm32f4xx_hal_uart.o(i.UART_DMAAbortOnError)
    UART_DMAAbortOnError                     0x08002045   Thumb Code    16  stm32f4xx_hal_uart.o(i.UART_DMAAbortOnError)
    i.UART_EndRxTransfer                     0x08002054   Section        0  stm32f4xx_hal_uart.o(i.UART_EndRxTransfer)
    UART_EndRxTransfer                       0x08002055   Thumb Code    28  stm32f4xx_hal_uart.o(i.UART_EndRxTransfer)
    i.UART_Receive_IT                        0x08002070   Section        0  stm32f4xx_hal_uart.o(i.UART_Receive_IT)
    UART_Receive_IT                          0x08002071   Thumb Code   150  stm32f4xx_hal_uart.o(i.UART_Receive_IT)
    i.UART_SetConfig                         0x08002108   Section        0  stm32f4xx_hal_uart.o(i.UART_SetConfig)
    UART_SetConfig                           0x08002109   Thumb Code   286  stm32f4xx_hal_uart.o(i.UART_SetConfig)
    i.UART_Transmit_IT                       0x08002230   Section        0  stm32f4xx_hal_uart.o(i.UART_Transmit_IT)
    UART_Transmit_IT                         0x08002231   Thumb Code    98  stm32f4xx_hal_uart.o(i.UART_Transmit_IT)
    i.UART_WaitOnFlagUntilTimeout            0x08002292   Section        0  stm32f4xx_hal_uart.o(i.UART_WaitOnFlagUntilTimeout)
    UART_WaitOnFlagUntilTimeout              0x08002293   Thumb Code   100  stm32f4xx_hal_uart.o(i.UART_WaitOnFlagUntilTimeout)
    i.UsageFault_Handler                     0x080022f6   Section        0  stm32f4xx_it.o(i.UsageFault_Handler)
    i.__0snprintf$3                          0x080022f8   Section        0  printf3.o(i.__0snprintf$3)
    i.__NVIC_SetPriority                     0x08002328   Section        0  stm32f4xx_hal_cortex.o(i.__NVIC_SetPriority)
    __NVIC_SetPriority                       0x08002329   Thumb Code    32  stm32f4xx_hal_cortex.o(i.__NVIC_SetPriority)
    i.__scatterload_copy                     0x08002348   Section       14  handlers.o(i.__scatterload_copy)
    i.__scatterload_null                     0x08002356   Section        2  handlers.o(i.__scatterload_null)
    i.__scatterload_zeroinit                 0x08002358   Section       14  handlers.o(i.__scatterload_zeroinit)
    i._printf_core                           0x08002368   Section        0  printf3.o(i._printf_core)
    _printf_core                             0x08002369   Thumb Code   436  printf3.o(i._printf_core)
    i._snputc                                0x08002520   Section        0  printf3.o(i._snputc)
    _snputc                                  0x08002521   Thumb Code    22  printf3.o(i._snputc)
    i.clear_gsm_uart                         0x08002536   Section        0  machine.o(i.clear_gsm_uart)
    i.close_conn                             0x0800254c   Section        0  platform_specific.o(i.close_conn)
    i.command_window_init                    0x08002584   Section        0  machine.o(i.command_window_init)
    i.get_clock                              0x080025a8   Section        0  platform_specific.o(i.get_clock)
    i.get_command_window_status              0x0800264c   Section        0  machine.o(i.get_command_window_status)
    i.get_imei                               0x08002690   Section        0  platform_specific.o(i.get_imei)
    i.init_all_command_window                0x080026d8   Section        0  platform_specific.o(i.init_all_command_window)
    i.machine_loop                           0x08002748   Section        0  machine.o(i.machine_loop)
    i.machine_start                          0x0800282c   Section        0  machine.o(i.machine_start)
    i.machine_systick                        0x08002890   Section        0  machine.o(i.machine_systick)
    i.machine_trans                          0x080029a8   Section        0  machine.o(i.machine_trans)
    i.main                                   0x080029ec   Section        0  main.o(i.main)
    i.put_connect_host                       0x08002aa4   Section        0  platform_specific.o(i.put_connect_host)
    i.send_data_to_host                      0x08002b08   Section        0  platform_specific.o(i.send_data_to_host)
    i.switch_to_command_mode                 0x08002b3c   Section        0  platform_specific.o(i.switch_to_command_mode)
    i.uart_tx_platform_specific              0x08002b50   Section        0  main.o(i.uart_tx_platform_specific)
    uart_tx_platform_specific                0x08002b51   Thumb Code    20  main.o(i.uart_tx_platform_specific)
    .constdata                               0x08002b68   Section       16  system_stm32f4xx.o(.constdata)
    .constdata                               0x08002b78   Section        8  system_stm32f4xx.o(.constdata)
    .constdata                               0x08002b80   Section       64  ctype_c.o(.constdata)
    .conststring                             0x08002bc0   Section        9  platform_specific.o(.conststring)
    .conststring                             0x08002bcc   Section        4  platform_specific.o(.conststring)
    .conststring                             0x08002bd0   Section        5  platform_specific.o(.conststring)
    .conststring                             0x08002bd8   Section        6  platform_specific.o(.conststring)
    .conststring                             0x08002be0   Section       13  platform_specific.o(.conststring)
    .conststring                             0x08002bf0   Section       15  platform_specific.o(.conststring)
    .conststring                             0x08002c00   Section       15  platform_specific.o(.conststring)
    .conststring                             0x08002c10   Section       20  platform_specific.o(.conststring)
    .conststring                             0x08002c24   Section       28  platform_specific.o(.conststring)
    .conststring                             0x08002c40   Section       11  platform_specific.o(.conststring)
    .conststring                             0x08002c4c   Section       13  platform_specific.o(.conststring)
    .conststring                             0x08002c5c   Section       30  platform_specific.o(.conststring)
    .conststring                             0x08002c7c   Section       15  platform_specific.o(.conststring)
    .conststring                             0x08002c8c   Section       13  platform_specific.o(.conststring)
    .conststring                             0x08002c9c   Section        9  platform_specific.o(.conststring)
    .conststring                             0x08002ca8   Section       15  platform_specific.o(.conststring)
    .conststring                             0x08002cb8   Section       40  platform_specific.o(.conststring)
    .conststring                             0x08002ce0   Section       14  platform_specific.o(.conststring)
    .data                                    0x20000000   Section       12  machine.o(.data)
    is_callback                              0x20000000   Data           1  machine.o(.data)
    timeout_counter                          0x20000001   Data           1  machine.o(.data)
    callback_timer                           0x20000004   Data           4  machine.o(.data)
    ret                                      0x20000008   Data           4  machine.o(.data)
    .data                                    0x2000000c   Section       36  platform_specific.o(.data)
    .data                                    0x20000030   Section       36  platform_specific.o(.data)
    .data                                    0x20000054   Section       36  platform_specific.o(.data)
    .data                                    0x20000078   Section       36  platform_specific.o(.data)
    .data                                    0x2000009c   Section       92  platform_specific.o(.data)
    .data                                    0x200000f8   Section       36  platform_specific.o(.data)
    .data                                    0x2000011c   Section       36  platform_specific.o(.data)
    .data                                    0x20000140   Section       36  platform_specific.o(.data)
    .data                                    0x20000164   Section       36  platform_specific.o(.data)
    .data                                    0x20000188   Section       36  platform_specific.o(.data)
    .data                                    0x200001ac   Section       36  platform_specific.o(.data)
    .data                                    0x200001d0   Section       36  platform_specific.o(.data)
    .data                                    0x200001f4   Section       36  platform_specific.o(.data)
    .data                                    0x20000218   Section       36  platform_specific.o(.data)
    .data                                    0x2000023c   Section       36  platform_specific.o(.data)
    .data                                    0x20000260   Section       36  platform_specific.o(.data)
    .data                                    0x20000284   Section       36  platform_specific.o(.data)
    .data                                    0x200002a8   Section       36  platform_specific.o(.data)
    .data                                    0x200002cc   Section       36  platform_specific.o(.data)
    .data                                    0x200002f0   Section       36  platform_specific.o(.data)
    .data                                    0x20000314   Section       36  platform_specific.o(.data)
    .data                                    0x20000338   Section        1  main.o(.data)
    .data                                    0x2000033c   Section       12  stm32f4xx_hal.o(.data)
    .data                                    0x20000348   Section        4  system_stm32f4xx.o(.data)
    .bss                                     0x2000034c   Section      502  machine.o(.bss)
    .bss                                     0x20000544   Section       76  platform_specific.o(.bss)
    ret_buf                                  0x20000544   Data          15  platform_specific.o(.bss)
    .bss                                     0x20000590   Section       28  main.o(.bss)
    .bss                                     0x200005ac   Section      600  main.o(.bss)
    .bss                                     0x20000804   Section       32  rtc.o(.bss)
    .bss                                     0x20000824   Section       64  usart.o(.bss)
    STACK                                    0x20000868   Section    12288  startup_stm32f446xx.o(STACK)

    Global Symbols

    Symbol Name                              Value     Ov Type        Size  Object(Section)

    BuildAttributes$$THM_ISAv4$E$P$D$K$B$S$7EM$VFPi3$EXTD16$VFPS$VFMA$PE$A:L22UL41UL21$X:L11$S22US41US21$IEEE1$IW$USESV6$~STKCKD$USESV7$~SHL$OSPACE$ROPI$EBA8$MICROLIB$REQ8$PRES8$EABIv2 0x00000000   Number         0  anon$$obj.o ABSOLUTE
    __ARM_use_no_argv                        0x00000000   Number         0  main.o ABSOLUTE
    _printf_a                                0x00000000   Number         0  stubs.o ABSOLUTE
    _printf_c                                0x00000000   Number         0  stubs.o ABSOLUTE
    _printf_charcount                        0x00000000   Number         0  stubs.o ABSOLUTE
    _printf_d                                0x00000000   Number         0  stubs.o ABSOLUTE
    _printf_e                                0x00000000   Number         0  stubs.o ABSOLUTE
    _printf_f                                0x00000000   Number         0  stubs.o ABSOLUTE
    _printf_flags                            0x00000000   Number         0  stubs.o ABSOLUTE
    _printf_fp_dec                           0x00000000   Number         0  stubs.o ABSOLUTE
    _printf_fp_hex                           0x00000000   Number         0  stubs.o ABSOLUTE
    _printf_g                                0x00000000   Number         0  stubs.o ABSOLUTE
    _printf_i                                0x00000000   Number         0  stubs.o ABSOLUTE
    _printf_int_dec                          0x00000000   Number         0  stubs.o ABSOLUTE
    _printf_l                                0x00000000   Number         0  stubs.o ABSOLUTE
    _printf_lc                               0x00000000   Number         0  stubs.o ABSOLUTE
    _printf_ll                               0x00000000   Number         0  stubs.o ABSOLUTE
    _printf_lld                              0x00000000   Number         0  stubs.o ABSOLUTE
    _printf_lli                              0x00000000   Number         0  stubs.o ABSOLUTE
    _printf_llo                              0x00000000   Number         0  stubs.o ABSOLUTE
    _printf_llu                              0x00000000   Number         0  stubs.o ABSOLUTE
    _printf_llx                              0x00000000   Number         0  stubs.o ABSOLUTE
    _printf_longlong_dec                     0x00000000   Number         0  stubs.o ABSOLUTE
    _printf_longlong_hex                     0x00000000   Number         0  stubs.o ABSOLUTE
    _printf_longlong_oct                     0x00000000   Number         0  stubs.o ABSOLUTE
    _printf_ls                               0x00000000   Number         0  stubs.o ABSOLUTE
    _printf_mbtowc                           0x00000000   Number         0  stubs.o ABSOLUTE
    _printf_n                                0x00000000   Number         0  stubs.o ABSOLUTE
    _printf_o                                0x00000000   Number         0  stubs.o ABSOLUTE
    _printf_p                                0x00000000   Number         0  stubs.o ABSOLUTE
    _printf_percent                          0x00000000   Number         0  stubs.o ABSOLUTE
    _printf_pre_padding                      0x00000000   Number         0  stubs.o ABSOLUTE
    _printf_return_value                     0x00000000   Number         0  stubs.o ABSOLUTE
    _printf_s                                0x00000000   Number         0  stubs.o ABSOLUTE
    _printf_sizespec                         0x00000000   Number         0  stubs.o ABSOLUTE
    _printf_str                              0x00000000   Number         0  stubs.o ABSOLUTE
    _printf_truncate_signed                  0x00000000   Number         0  stubs.o ABSOLUTE
    _printf_truncate_unsigned                0x00000000   Number         0  stubs.o ABSOLUTE
    _printf_u                                0x00000000   Number         0  stubs.o ABSOLUTE
    _printf_wc                               0x00000000   Number         0  stubs.o ABSOLUTE
    _printf_wctomb                           0x00000000   Number         0  stubs.o ABSOLUTE
    _printf_widthprec                        0x00000000   Number         0  stubs.o ABSOLUTE
    _printf_x                                0x00000000   Number         0  stubs.o ABSOLUTE
    __cpp_initialize__aeabi_                  - Undefined Weak Reference
    __cxa_finalize                            - Undefined Weak Reference
    _clock_init                               - Undefined Weak Reference
    _microlib_exit                            - Undefined Weak Reference
    _scanf_longlong                           - Undefined Weak Reference
    _scanf_real                               - Undefined Weak Reference
    _scanf_string                             - Undefined Weak Reference
    __Vectors_Size                           0x000001c4   Number         0  startup_stm32f446xx.o ABSOLUTE
    __Vectors                                0x08000000   Data           4  startup_stm32f446xx.o(RESET)
    __Vectors_End                            0x080001c4   Data           0  startup_stm32f446xx.o(RESET)
    __main                                   0x080001c5   Thumb Code     0  entry.o(.ARM.Collect$$$$00000000)
    _main_stk                                0x080001c5   Thumb Code     0  entry2.o(.ARM.Collect$$$$00000001)
    _main_scatterload                        0x080001c9   Thumb Code     0  entry5.o(.ARM.Collect$$$$00000004)
    __main_after_scatterload                 0x080001cd   Thumb Code     0  entry5.o(.ARM.Collect$$$$00000004)
    _main_clock                              0x080001cd   Thumb Code     0  entry7b.o(.ARM.Collect$$$$00000008)
    _main_cpp_init                           0x080001cd   Thumb Code     0  entry8b.o(.ARM.Collect$$$$0000000A)
    _main_init                               0x080001cd   Thumb Code     0  entry9a.o(.ARM.Collect$$$$0000000B)
    __rt_final_cpp                           0x080001d5   Thumb Code     0  entry10a.o(.ARM.Collect$$$$0000000D)
    __rt_final_exit                          0x080001d5   Thumb Code     0  entry11a.o(.ARM.Collect$$$$0000000F)
    Reset_Handler                            0x080001d9   Thumb Code     8  startup_stm32f446xx.o(.text)
    ADC_IRQHandler                           0x080001f3   Thumb Code     0  startup_stm32f446xx.o(.text)
    CAN1_RX0_IRQHandler                      0x080001f3   Thumb Code     0  startup_stm32f446xx.o(.text)
    CAN1_RX1_IRQHandler                      0x080001f3   Thumb Code     0  startup_stm32f446xx.o(.text)
    CAN1_SCE_IRQHandler                      0x080001f3   Thumb Code     0  startup_stm32f446xx.o(.text)
    CAN1_TX_IRQHandler                       0x080001f3   Thumb Code     0  startup_stm32f446xx.o(.text)
    CAN2_RX0_IRQHandler                      0x080001f3   Thumb Code     0  startup_stm32f446xx.o(.text)
    CAN2_RX1_IRQHandler                      0x080001f3   Thumb Code     0  startup_stm32f446xx.o(.text)
    CAN2_SCE_IRQHandler                      0x080001f3   Thumb Code     0  startup_stm32f446xx.o(.text)
    CAN2_TX_IRQHandler                       0x080001f3   Thumb Code     0  startup_stm32f446xx.o(.text)
    CEC_IRQHandler                           0x080001f3   Thumb Code     0  startup_stm32f446xx.o(.text)
    DCMI_IRQHandler                          0x080001f3   Thumb Code     0  startup_stm32f446xx.o(.text)
    DMA1_Stream0_IRQHandler                  0x080001f3   Thumb Code     0  startup_stm32f446xx.o(.text)
    DMA1_Stream1_IRQHandler                  0x080001f3   Thumb Code     0  startup_stm32f446xx.o(.text)
    DMA1_Stream2_IRQHandler                  0x080001f3   Thumb Code     0  startup_stm32f446xx.o(.text)
    DMA1_Stream3_IRQHandler                  0x080001f3   Thumb Code     0  startup_stm32f446xx.o(.text)
    DMA1_Stream4_IRQHandler                  0x080001f3   Thumb Code     0  startup_stm32f446xx.o(.text)
    DMA1_Stream5_IRQHandler                  0x080001f3   Thumb Code     0  startup_stm32f446xx.o(.text)
    DMA1_Stream6_IRQHandler                  0x080001f3   Thumb Code     0  startup_stm32f446xx.o(.text)
    DMA1_Stream7_IRQHandler                  0x080001f3   Thumb Code     0  startup_stm32f446xx.o(.text)
    DMA2_Stream0_IRQHandler                  0x080001f3   Thumb Code     0  startup_stm32f446xx.o(.text)
    DMA2_Stream1_IRQHandler                  0x080001f3   Thumb Code     0  startup_stm32f446xx.o(.text)
    DMA2_Stream2_IRQHandler                  0x080001f3   Thumb Code     0  startup_stm32f446xx.o(.text)
    DMA2_Stream3_IRQHandler                  0x080001f3   Thumb Code     0  startup_stm32f446xx.o(.text)
    DMA2_Stream4_IRQHandler                  0x080001f3   Thumb Code     0  startup_stm32f446xx.o(.text)
    DMA2_Stream5_IRQHandler                  0x080001f3   Thumb Code     0  startup_stm32f446xx.o(.text)
    DMA2_Stream6_IRQHandler                  0x080001f3   Thumb Code     0  startup_stm32f446xx.o(.text)
    DMA2_Stream7_IRQHandler                  0x080001f3   Thumb Code     0  startup_stm32f446xx.o(.text)
    EXTI0_IRQHandler                         0x080001f3   Thumb Code     0  startup_stm32f446xx.o(.text)
    EXTI15_10_IRQHandler                     0x080001f3   Thumb Code     0  startup_stm32f446xx.o(.text)
    EXTI1_IRQHandler                         0x080001f3   Thumb Code     0  startup_stm32f446xx.o(.text)
    EXTI2_IRQHandler                         0x080001f3   Thumb Code     0  startup_stm32f446xx.o(.text)
    EXTI3_IRQHandler                         0x080001f3   Thumb Code     0  startup_stm32f446xx.o(.text)
    EXTI4_IRQHandler                         0x080001f3   Thumb Code     0  startup_stm32f446xx.o(.text)
    EXTI9_5_IRQHandler                       0x080001f3   Thumb Code     0  startup_stm32f446xx.o(.text)
    FLASH_IRQHandler                         0x080001f3   Thumb Code     0  startup_stm32f446xx.o(.text)
    FMC_IRQHandler                           0x080001f3   Thumb Code     0  startup_stm32f446xx.o(.text)
    FMPI2C1_ER_IRQHandler                    0x080001f3   Thumb Code     0  startup_stm32f446xx.o(.text)
    FMPI2C1_EV_IRQHandler                    0x080001f3   Thumb Code     0  startup_stm32f446xx.o(.text)
    FPU_IRQHandler                           0x080001f3   Thumb Code     0  startup_stm32f446xx.o(.text)
    I2C1_ER_IRQHandler                       0x080001f3   Thumb Code     0  startup_stm32f446xx.o(.text)
    I2C1_EV_IRQHandler                       0x080001f3   Thumb Code     0  startup_stm32f446xx.o(.text)
    I2C2_ER_IRQHandler                       0x080001f3   Thumb Code     0  startup_stm32f446xx.o(.text)
    I2C2_EV_IRQHandler                       0x080001f3   Thumb Code     0  startup_stm32f446xx.o(.text)
    I2C3_ER_IRQHandler                       0x080001f3   Thumb Code     0  startup_stm32f446xx.o(.text)
    I2C3_EV_IRQHandler                       0x080001f3   Thumb Code     0  startup_stm32f446xx.o(.text)
    OTG_FS_IRQHandler                        0x080001f3   Thumb Code     0  startup_stm32f446xx.o(.text)
    OTG_FS_WKUP_IRQHandler                   0x080001f3   Thumb Code     0  startup_stm32f446xx.o(.text)
    OTG_HS_EP1_IN_IRQHandler                 0x080001f3   Thumb Code     0  startup_stm32f446xx.o(.text)
    OTG_HS_EP1_OUT_IRQHandler                0x080001f3   Thumb Code     0  startup_stm32f446xx.o(.text)
    OTG_HS_IRQHandler                        0x080001f3   Thumb Code     0  startup_stm32f446xx.o(.text)
    OTG_HS_WKUP_IRQHandler                   0x080001f3   Thumb Code     0  startup_stm32f446xx.o(.text)
    PVD_IRQHandler                           0x080001f3   Thumb Code     0  startup_stm32f446xx.o(.text)
    QUADSPI_IRQHandler                       0x080001f3   Thumb Code     0  startup_stm32f446xx.o(.text)
    RCC_IRQHandler                           0x080001f3   Thumb Code     0  startup_stm32f446xx.o(.text)
    RTC_Alarm_IRQHandler                     0x080001f3   Thumb Code     0  startup_stm32f446xx.o(.text)
    RTC_WKUP_IRQHandler                      0x080001f3   Thumb Code     0  startup_stm32f446xx.o(.text)
    SAI1_IRQHandler                          0x080001f3   Thumb Code     0  startup_stm32f446xx.o(.text)
    SAI2_IRQHandler                          0x080001f3   Thumb Code     0  startup_stm32f446xx.o(.text)
    SDIO_IRQHandler                          0x080001f3   Thumb Code     0  startup_stm32f446xx.o(.text)
    SPDIF_RX_IRQHandler                      0x080001f3   Thumb Code     0  startup_stm32f446xx.o(.text)
    SPI1_IRQHandler                          0x080001f3   Thumb Code     0  startup_stm32f446xx.o(.text)
    SPI2_IRQHandler                          0x080001f3   Thumb Code     0  startup_stm32f446xx.o(.text)
    SPI3_IRQHandler                          0x080001f3   Thumb Code     0  startup_stm32f446xx.o(.text)
    SPI4_IRQHandler                          0x080001f3   Thumb Code     0  startup_stm32f446xx.o(.text)
    TAMP_STAMP_IRQHandler                    0x080001f3   Thumb Code     0  startup_stm32f446xx.o(.text)
    TIM1_BRK_TIM9_IRQHandler                 0x080001f3   Thumb Code     0  startup_stm32f446xx.o(.text)
    TIM1_CC_IRQHandler                       0x080001f3   Thumb Code     0  startup_stm32f446xx.o(.text)
    TIM1_TRG_COM_TIM11_IRQHandler            0x080001f3   Thumb Code     0  startup_stm32f446xx.o(.text)
    TIM1_UP_TIM10_IRQHandler                 0x080001f3   Thumb Code     0  startup_stm32f446xx.o(.text)
    TIM2_IRQHandler                          0x080001f3   Thumb Code     0  startup_stm32f446xx.o(.text)
    TIM3_IRQHandler                          0x080001f3   Thumb Code     0  startup_stm32f446xx.o(.text)
    TIM4_IRQHandler                          0x080001f3   Thumb Code     0  startup_stm32f446xx.o(.text)
    TIM5_IRQHandler                          0x080001f3   Thumb Code     0  startup_stm32f446xx.o(.text)
    TIM6_DAC_IRQHandler                      0x080001f3   Thumb Code     0  startup_stm32f446xx.o(.text)
    TIM7_IRQHandler                          0x080001f3   Thumb Code     0  startup_stm32f446xx.o(.text)
    TIM8_BRK_TIM12_IRQHandler                0x080001f3   Thumb Code     0  startup_stm32f446xx.o(.text)
    TIM8_CC_IRQHandler                       0x080001f3   Thumb Code     0  startup_stm32f446xx.o(.text)
    TIM8_TRG_COM_TIM14_IRQHandler            0x080001f3   Thumb Code     0  startup_stm32f446xx.o(.text)
    TIM8_UP_TIM13_IRQHandler                 0x080001f3   Thumb Code     0  startup_stm32f446xx.o(.text)
    UART4_IRQHandler                         0x080001f3   Thumb Code     0  startup_stm32f446xx.o(.text)
    USART1_IRQHandler                        0x080001f3   Thumb Code     0  startup_stm32f446xx.o(.text)
    USART2_IRQHandler                        0x080001f3   Thumb Code     0  startup_stm32f446xx.o(.text)
    USART3_IRQHandler                        0x080001f3   Thumb Code     0  startup_stm32f446xx.o(.text)
    USART6_IRQHandler                        0x080001f3   Thumb Code     0  startup_stm32f446xx.o(.text)
    WWDG_IRQHandler                          0x080001f3   Thumb Code     0  startup_stm32f446xx.o(.text)
    __aeabi_uldivmod                         0x080001fd   Thumb Code    98  uldiv.o(.text)
    __aeabi_memcpy                           0x0800025f   Thumb Code    36  memcpya.o(.text)
    __aeabi_memcpy4                          0x0800025f   Thumb Code     0  memcpya.o(.text)
    __aeabi_memcpy8                          0x0800025f   Thumb Code     0  memcpya.o(.text)
    __aeabi_memset                           0x08000283   Thumb Code    14  memseta.o(.text)
    __aeabi_memset4                          0x08000283   Thumb Code     0  memseta.o(.text)
    __aeabi_memset8                          0x08000283   Thumb Code     0  memseta.o(.text)
    __aeabi_memclr                           0x08000291   Thumb Code     4  memseta.o(.text)
    __aeabi_memclr4                          0x08000291   Thumb Code     0  memseta.o(.text)
    __aeabi_memclr8                          0x08000291   Thumb Code     0  memseta.o(.text)
    _memset$wrapper                          0x08000295   Thumb Code    18  memseta.o(.text)
    strstr                                   0x080002a7   Thumb Code    36  strstr.o(.text)
    strlen                                   0x080002cb   Thumb Code    14  strlen.o(.text)
    __0sscanf                                0x080002d9   Thumb Code    48  __0sscanf.o(.text)
    _scanf_int                               0x08000311   Thumb Code   332  _scanf_int.o(.text)
    __aeabi_uidiv                            0x0800045d   Thumb Code     0  uidiv.o(.text)
    __aeabi_uidivmod                         0x0800045d   Thumb Code    44  uidiv.o(.text)
    __aeabi_llsl                             0x08000489   Thumb Code    30  llshl.o(.text)
    _ll_shift_l                              0x08000489   Thumb Code     0  llshl.o(.text)
    __aeabi_llsr                             0x080004a7   Thumb Code    32  llushr.o(.text)
    _ll_ushift_r                             0x080004a7   Thumb Code     0  llushr.o(.text)
    _chval                                   0x080004c7   Thumb Code    28  _chval.o(.text)
    __vfscanf_char                           0x080004f1   Thumb Code    20  scanf_char.o(.text)
    _sgetc                                   0x0800050d   Thumb Code    30  _sgetc.o(.text)
    _sbackspace                              0x0800052b   Thumb Code    34  _sgetc.o(.text)
    __scatterload                            0x0800054d   Thumb Code    28  init.o(.text)
    __scatterload_rt2                        0x0800054d   Thumb Code     0  init.o(.text)
    isspace                                  0x08000571   Thumb Code    10  isspace_c.o(.text)
    __vfscanf                                0x0800057d   Thumb Code   808  _scanf.o(.text)
    __ctype_lookup                           0x080008a9   Thumb Code    34  ctype_c.o(.text)
    __decompress                             0x080008d1   Thumb Code     0  __dczerorl2.o(.text)
    __decompress1                            0x080008d1   Thumb Code    86  __dczerorl2.o(.text)
    BusFault_Handler                         0x08000927   Thumb Code     2  stm32f4xx_it.o(i.BusFault_Handler)
    DebugMon_Handler                         0x08000929   Thumb Code     2  stm32f4xx_it.o(i.DebugMon_Handler)
    Error_Handler                            0x0800092b   Thumb Code     2  main.o(i.Error_Handler)
    HAL_DMA_Abort_IT                         0x080009ad   Thumb Code    36  stm32f4xx_hal_dma.o(i.HAL_DMA_Abort_IT)
    HAL_Delay                                0x080009d1   Thumb Code    32  stm32f4xx_hal.o(i.HAL_Delay)
    HAL_GPIO_Init                            0x080009f5   Thumb Code   384  stm32f4xx_hal_gpio.o(i.HAL_GPIO_Init)
    HAL_GPIO_WritePin                        0x08000b9d   Thumb Code    10  stm32f4xx_hal_gpio.o(i.HAL_GPIO_WritePin)
    HAL_GetTick                              0x08000ba9   Thumb Code     6  stm32f4xx_hal.o(i.HAL_GetTick)
    HAL_IncTick                              0x08000bb5   Thumb Code    12  stm32f4xx_hal.o(i.HAL_IncTick)
    HAL_Init                                 0x08000bc5   Thumb Code    48  stm32f4xx_hal.o(i.HAL_Init)
    HAL_InitTick                             0x08000bf9   Thumb Code    54  stm32f4xx_hal.o(i.HAL_InitTick)
    HAL_MspInit                              0x08000c39   Thumb Code    42  stm32f4xx_hal_msp.o(i.HAL_MspInit)
    HAL_NVIC_EnableIRQ                       0x08000c69   Thumb Code    26  stm32f4xx_hal_cortex.o(i.HAL_NVIC_EnableIRQ)
    HAL_NVIC_SetPriority                     0x08000c85   Thumb Code    60  stm32f4xx_hal_cortex.o(i.HAL_NVIC_SetPriority)
    HAL_NVIC_SetPriorityGrouping             0x08000cc5   Thumb Code    26  stm32f4xx_hal_cortex.o(i.HAL_NVIC_SetPriorityGrouping)
    HAL_RCCEx_PeriphCLKConfig                0x08000ce9   Thumb Code  1072  stm32f4xx_hal_rcc_ex.o(i.HAL_RCCEx_PeriphCLKConfig)
    HAL_RCC_ClockConfig                      0x08001119   Thumb Code   288  stm32f4xx_hal_rcc.o(i.HAL_RCC_ClockConfig)
    HAL_RCC_GetPCLK1Freq                     0x0800124d   Thumb Code    20  stm32f4xx_hal_rcc.o(i.HAL_RCC_GetPCLK1Freq)
    HAL_RCC_GetPCLK2Freq                     0x0800126d   Thumb Code    20  stm32f4xx_hal_rcc.o(i.HAL_RCC_GetPCLK2Freq)
    HAL_RCC_GetSysClockFreq                  0x0800128d   Thumb Code   140  stm32f4xx_hal_rcc_ex.o(i.HAL_RCC_GetSysClockFreq)
    HAL_RCC_OscConfig                        0x08001321   Thumb Code   814  stm32f4xx_hal_rcc_ex.o(i.HAL_RCC_OscConfig)
    HAL_RTC_Init                             0x08001665   Thumb Code   166  stm32f4xx_hal_rtc.o(i.HAL_RTC_Init)
    HAL_RTC_MspInit                          0x08001711   Thumb Code    16  rtc.o(i.HAL_RTC_MspInit)
    HAL_RTC_SetDate                          0x08001729   Thumb Code   194  stm32f4xx_hal_rtc.o(i.HAL_RTC_SetDate)
    HAL_RTC_SetTime                          0x080017f1   Thumb Code   230  stm32f4xx_hal_rtc.o(i.HAL_RTC_SetTime)
    HAL_RTC_WaitForSynchro                   0x080018dd   Thumb Code    54  stm32f4xx_hal_rtc.o(i.HAL_RTC_WaitForSynchro)
    HAL_SYSTICK_Config                       0x08001913   Thumb Code    40  stm32f4xx_hal_cortex.o(i.HAL_SYSTICK_Config)
    HAL_UART_ErrorCallback                   0x0800193b   Thumb Code     2  stm32f4xx_hal_uart.o(i.HAL_UART_ErrorCallback)
    HAL_UART_IRQHandler                      0x0800193d   Thumb Code   270  stm32f4xx_hal_uart.o(i.HAL_UART_IRQHandler)
    HAL_UART_Init                            0x08001a51   Thumb Code    98  stm32f4xx_hal_uart.o(i.HAL_UART_Init)
    HAL_UART_MspInit                         0x08001ab5   Thumb Code   110  usart.o(i.HAL_UART_MspInit)
    HAL_UART_Receive_IT                      0x08001b31   Thumb Code    82  stm32f4xx_hal_uart.o(i.HAL_UART_Receive_IT)
    HAL_UART_RxCpltCallback                  0x08001b85   Thumb Code    82  main.o(i.HAL_UART_RxCpltCallback)
    HAL_UART_Transmit                        0x08001bf5   Thumb Code   186  stm32f4xx_hal_uart.o(i.HAL_UART_Transmit)
    HAL_UART_TxCpltCallback                  0x08001caf   Thumb Code     2  stm32f4xx_hal_uart.o(i.HAL_UART_TxCpltCallback)
    HardFault_Handler                        0x08001cb1   Thumb Code     2  stm32f4xx_it.o(i.HardFault_Handler)
    MX_GPIO_Init                             0x08001cb5   Thumb Code   460  gpio.o(i.MX_GPIO_Init)
    MX_RTC_Init                              0x08001ea1   Thumb Code    44  rtc.o(i.MX_RTC_Init)
    MX_UART5_Init                            0x08001ed5   Thumb Code    48  usart.o(i.MX_UART5_Init)
    MemManage_Handler                        0x08001f0d   Thumb Code     2  stm32f4xx_it.o(i.MemManage_Handler)
    NMI_Handler                              0x08001f0f   Thumb Code     2  stm32f4xx_it.o(i.NMI_Handler)
    PendSV_Handler                           0x08001f11   Thumb Code     2  stm32f4xx_it.o(i.PendSV_Handler)
    RTC_ByteToBcd2                           0x08001f13   Thumb Code    22  stm32f4xx_hal_rtc.o(i.RTC_ByteToBcd2)
    RTC_EnterInitMode                        0x08001f29   Thumb Code    58  stm32f4xx_hal_rtc.o(i.RTC_EnterInitMode)
    SVC_Handler                              0x08001f63   Thumb Code     2  stm32f4xx_it.o(i.SVC_Handler)
    SysTick_Handler                          0x08001f65   Thumb Code    16  stm32f4xx_it.o(i.SysTick_Handler)
    SystemClock_Config                       0x08001f79   Thumb Code   154  main.o(i.SystemClock_Config)
    SystemInit                               0x0800201d   Thumb Code    22  system_stm32f4xx.o(i.SystemInit)
    UART5_IRQHandler                         0x08002039   Thumb Code     6  stm32f4xx_it.o(i.UART5_IRQHandler)
    UsageFault_Handler                       0x080022f7   Thumb Code     2  stm32f4xx_it.o(i.UsageFault_Handler)
    __0snprintf$3                            0x080022f9   Thumb Code    44  printf3.o(i.__0snprintf$3)
    __1snprintf$3                            0x080022f9   Thumb Code     0  printf3.o(i.__0snprintf$3)
    __2snprintf                              0x080022f9   Thumb Code     0  printf3.o(i.__0snprintf$3)
    __scatterload_copy                       0x08002349   Thumb Code    14  handlers.o(i.__scatterload_copy)
    __scatterload_null                       0x08002357   Thumb Code     2  handlers.o(i.__scatterload_null)
    __scatterload_zeroinit                   0x08002359   Thumb Code    14  handlers.o(i.__scatterload_zeroinit)
    clear_gsm_uart                           0x08002537   Thumb Code    22  machine.o(i.clear_gsm_uart)
    close_conn                               0x0800254d   Thumb Code    38  platform_specific.o(i.close_conn)
    command_window_init                      0x08002585   Thumb Code    36  machine.o(i.command_window_init)
    get_clock                                0x080025a9   Thumb Code   132  platform_specific.o(i.get_clock)
    get_command_window_status                0x0800264d   Thumb Code    68  machine.o(i.get_command_window_status)
    get_imei                                 0x08002691   Thumb Code    60  platform_specific.o(i.get_imei)
    init_all_command_window                  0x080026d9   Thumb Code   102  platform_specific.o(i.init_all_command_window)
    machine_loop                             0x08002749   Thumb Code   220  machine.o(i.machine_loop)
    machine_start                            0x0800282d   Thumb Code    94  machine.o(i.machine_start)
    machine_systick                          0x08002891   Thumb Code   264  machine.o(i.machine_systick)
    machine_trans                            0x080029a9   Thumb Code    68  machine.o(i.machine_trans)
    main                                     0x080029ed   Thumb Code   134  main.o(i.main)
    put_connect_host                         0x08002aa5   Thumb Code    48  platform_specific.o(i.put_connect_host)
    send_data_to_host                        0x08002b09   Thumb Code    36  platform_specific.o(i.send_data_to_host)
    switch_to_command_mode                   0x08002b3d   Thumb Code    14  platform_specific.o(i.switch_to_command_mode)
    AHBPrescTable                            0x08002b68   Data          16  system_stm32f4xx.o(.constdata)
    APBPrescTable                            0x08002b78   Data           8  system_stm32f4xx.o(.constdata)
    __ctype_categories                       0x08002b80   Data          64  ctype_c.o(.constdata)
    Region$$Table$$Base                      0x08002cf0   Number         0  anon$$obj.o(Region$$Table)
    Region$$Table$$Limit                     0x08002d10   Number         0  anon$$obj.o(Region$$Table)
    at_window_t                              0x2000000c   Data          36  platform_specific.o(.data)
    put_window_t                             0x20000030   Data          36  platform_specific.o(.data)
    put_transparent_command_window_t         0x20000054   Data          36  platform_specific.o(.data)
    close_connection_window_t                0x20000078   Data          36  platform_specific.o(.data)
    put_command_list_table                   0x2000009c   Data           4  platform_specific.o(.data)
    put_transparent_command_list_table       0x200000a0   Data           4  platform_specific.o(.data)
    close_command_list_table                 0x200000a4   Data           8  platform_specific.o(.data)
    main_all_command_list_table              0x200000ac   Data          16  platform_specific.o(.data)
    at_commands_list_table                   0x200000bc   Data          60  platform_specific.o(.data)
    at                                       0x200000f8   Data          36  platform_specific.o(.data)
    at_cgact_activate                        0x2000011c   Data          36  platform_specific.o(.data)
    at_cgact_deactivate                      0x20000140   Data          36  platform_specific.o(.data)
    at_cping                                 0x20000164   Data          36  platform_specific.o(.data)
    at_cgreg                                 0x20000188   Data          36  platform_specific.o(.data)
    at_creg                                  0x200001ac   Data          36  platform_specific.o(.data)
    at_qindi                                 0x200001d0   Data          36  platform_specific.o(.data)
    cgdcont                                  0x200001f4   Data          36  platform_specific.o(.data)
    at_cpgaddr                               0x20000218   Data          36  platform_specific.o(.data)
    at_qiact                                 0x2000023c   Data          36  platform_specific.o(.data)
    at_get_imei                              0x20000260   Data          36  platform_specific.o(.data)
    at_get_time                              0x20000284   Data          36  platform_specific.o(.data)
    at_qiopen_put                            0x200002a8   Data          36  platform_specific.o(.data)
    at_qisend_data_put                       0x200002cc   Data          36  platform_specific.o(.data)
    switch_to_command_mode_command           0x200002f0   Data          36  platform_specific.o(.data)
    at_close                                 0x20000314   Data          36  platform_specific.o(.data)
    gsm_reinit_flag                          0x20000338   Data           1  main.o(.data)
    uwTickFreq                               0x2000033c   Data           1  stm32f4xx_hal.o(.data)
    uwTickPrio                               0x20000340   Data           4  stm32f4xx_hal.o(.data)
    uwTick                                   0x20000344   Data           4  stm32f4xx_hal.o(.data)
    SystemCoreClock                          0x20000348   Data           4  system_stm32f4xx.o(.data)
    gsm_uart                                 0x2000034c   Data         502  machine.o(.bss)
    main_all_command_list_t                  0x20000554   Data          12  platform_specific.o(.bss)
    at_command_window                        0x20000560   Data          12  platform_specific.o(.bss)
    put_command_window                       0x2000056c   Data          12  platform_specific.o(.bss)
    put_transparent_command_window           0x20000578   Data          12  platform_specific.o(.bss)
    close_connection_window                  0x20000584   Data          12  platform_specific.o(.bss)
    command_machine_t                        0x20000590   Data          28  main.o(.bss)
    get_buffer_for_send                      0x200005ac   Data         600  main.o(.bss)
    hrtc                                     0x20000804   Data          32  rtc.o(.bss)
    huart5                                   0x20000824   Data          64  usart.o(.bss)
    __initial_sp                             0x20003868   Data           0  startup_stm32f446xx.o(STACK)



==============================================================================

Memory Map of the image

  Image Entry point : 0x080001c5

  Load Region LR_IROM1 (Base: 0x08000000, Size: 0x0000305c, Max: 0x00080000, ABSOLUTE, COMPRESSED[0x00002e04])

    Execution Region ER_IROM1 (Exec base: 0x08000000, Load base: 0x08000000, Size: 0x00002d10, Max: 0x00080000, ABSOLUTE)

    Exec Addr    Load Addr    Size         Type   Attr      Idx    E Section Name        Object

    0x08000000   0x08000000   0x000001c4   Data   RO            3    RESET               startup_stm32f446xx.o
    0x080001c4   0x080001c4   0x00000000   Code   RO         2615  * .ARM.Collect$$$$00000000  mc_w.l(entry.o)
    0x080001c4   0x080001c4   0x00000004   Code   RO         2895    .ARM.Collect$$$$00000001  mc_w.l(entry2.o)
    0x080001c8   0x080001c8   0x00000004   Code   RO         2898    .ARM.Collect$$$$00000004  mc_w.l(entry5.o)
    0x080001cc   0x080001cc   0x00000000   Code   RO         2900    .ARM.Collect$$$$00000008  mc_w.l(entry7b.o)
    0x080001cc   0x080001cc   0x00000000   Code   RO         2902    .ARM.Collect$$$$0000000A  mc_w.l(entry8b.o)
    0x080001cc   0x080001cc   0x00000008   Code   RO         2903    .ARM.Collect$$$$0000000B  mc_w.l(entry9a.o)
    0x080001d4   0x080001d4   0x00000000   Code   RO         2905    .ARM.Collect$$$$0000000D  mc_w.l(entry10a.o)
    0x080001d4   0x080001d4   0x00000000   Code   RO         2907    .ARM.Collect$$$$0000000F  mc_w.l(entry11a.o)
    0x080001d4   0x080001d4   0x00000004   Code   RO         2896    .ARM.Collect$$$$00002712  mc_w.l(entry2.o)
    0x080001d8   0x080001d8   0x00000024   Code   RO            4    .text               startup_stm32f446xx.o
    0x080001fc   0x080001fc   0x00000062   Code   RO         2618    .text               mc_w.l(uldiv.o)
    0x0800025e   0x0800025e   0x00000024   Code   RO         2620    .text               mc_w.l(memcpya.o)
    0x08000282   0x08000282   0x00000024   Code   RO         2622    .text               mc_w.l(memseta.o)
    0x080002a6   0x080002a6   0x00000024   Code   RO         2624    .text               mc_w.l(strstr.o)
    0x080002ca   0x080002ca   0x0000000e   Code   RO         2626    .text               mc_w.l(strlen.o)
    0x080002d8   0x080002d8   0x00000038   Code   RO         2891    .text               mc_w.l(__0sscanf.o)
    0x08000310   0x08000310   0x0000014c   Code   RO         2893    .text               mc_w.l(_scanf_int.o)
    0x0800045c   0x0800045c   0x0000002c   Code   RO         2912    .text               mc_w.l(uidiv.o)
    0x08000488   0x08000488   0x0000001e   Code   RO         2914    .text               mc_w.l(llshl.o)
    0x080004a6   0x080004a6   0x00000020   Code   RO         2916    .text               mc_w.l(llushr.o)
    0x080004c6   0x080004c6   0x0000001c   Code   RO         2918    .text               mc_w.l(_chval.o)
    0x080004e2   0x080004e2   0x00000002   PAD
    0x080004e4   0x080004e4   0x00000028   Code   RO         2920    .text               mc_w.l(scanf_char.o)
    0x0800050c   0x0800050c   0x00000040   Code   RO         2922    .text               mc_w.l(_sgetc.o)
    0x0800054c   0x0800054c   0x00000024   Code   RO         2935    .text               mc_w.l(init.o)
    0x08000570   0x08000570   0x0000000a   Code   RO         2940    .text               mc_w.l(isspace_c.o)
    0x0800057a   0x0800057a   0x00000002   PAD
    0x0800057c   0x0800057c   0x0000032c   Code   RO         2942    .text               mc_w.l(_scanf.o)
    0x080008a8   0x080008a8   0x00000028   Code   RO         2947    .text               mc_w.l(ctype_c.o)
    0x080008d0   0x080008d0   0x00000056   Code   RO         2958    .text               mc_w.l(__dczerorl2.o)
    0x08000926   0x08000926   0x00000002   Code   RO          513    i.BusFault_Handler  stm32f4xx_it.o
    0x08000928   0x08000928   0x00000002   Code   RO          514    i.DebugMon_Handler  stm32f4xx_it.o
    0x0800092a   0x0800092a   0x00000002   Code   RO          329    i.Error_Handler     main.o
    0x0800092c   0x0800092c   0x00000080   Code   RO          330    i.GSM_Init          main.o
    0x080009ac   0x080009ac   0x00000024   Code   RO         1531    i.HAL_DMA_Abort_IT  stm32f4xx_hal_dma.o
    0x080009d0   0x080009d0   0x00000024   Code   RO         1967    i.HAL_Delay         stm32f4xx_hal.o
    0x080009f4   0x080009f4   0x000001a8   Code   RO         1423    i.HAL_GPIO_Init     stm32f4xx_hal_gpio.o
    0x08000b9c   0x08000b9c   0x0000000a   Code   RO         1427    i.HAL_GPIO_WritePin  stm32f4xx_hal_gpio.o
    0x08000ba6   0x08000ba6   0x00000002   PAD
    0x08000ba8   0x08000ba8   0x0000000c   Code   RO         1973    i.HAL_GetTick       stm32f4xx_hal.o
    0x08000bb4   0x08000bb4   0x00000010   Code   RO         1979    i.HAL_IncTick       stm32f4xx_hal.o
    0x08000bc4   0x08000bc4   0x00000034   Code   RO         1980    i.HAL_Init          stm32f4xx_hal.o
    0x08000bf8   0x08000bf8   0x00000040   Code   RO         1981    i.HAL_InitTick      stm32f4xx_hal.o
    0x08000c38   0x08000c38   0x00000030   Code   RO          595    i.HAL_MspInit       stm32f4xx_hal_msp.o
    0x08000c68   0x08000c68   0x0000001a   Code   RO         1830    i.HAL_NVIC_EnableIRQ  stm32f4xx_hal_cortex.o
    0x08000c82   0x08000c82   0x00000002   PAD
    0x08000c84   0x08000c84   0x00000040   Code   RO         1836    i.HAL_NVIC_SetPriority  stm32f4xx_hal_cortex.o
    0x08000cc4   0x08000cc4   0x00000024   Code   RO         1837    i.HAL_NVIC_SetPriorityGrouping  stm32f4xx_hal_cortex.o
    0x08000ce8   0x08000ce8   0x00000430   Code   RO         1092    i.HAL_RCCEx_PeriphCLKConfig  stm32f4xx_hal_rcc_ex.o
    0x08001118   0x08001118   0x00000134   Code   RO          985    i.HAL_RCC_ClockConfig  stm32f4xx_hal_rcc.o
    0x0800124c   0x0800124c   0x00000020   Code   RO          992    i.HAL_RCC_GetPCLK1Freq  stm32f4xx_hal_rcc.o
    0x0800126c   0x0800126c   0x00000020   Code   RO          993    i.HAL_RCC_GetPCLK2Freq  stm32f4xx_hal_rcc.o
    0x0800128c   0x0800128c   0x00000094   Code   RO         1096    i.HAL_RCC_GetSysClockFreq  stm32f4xx_hal_rcc_ex.o
    0x08001320   0x08001320   0x00000344   Code   RO         1097    i.HAL_RCC_OscConfig  stm32f4xx_hal_rcc_ex.o
    0x08001664   0x08001664   0x000000ac   Code   RO          627    i.HAL_RTC_Init      stm32f4xx_hal_rtc.o
    0x08001710   0x08001710   0x00000018   Code   RO          430    i.HAL_RTC_MspInit   rtc.o
    0x08001728   0x08001728   0x000000c8   Code   RO          633    i.HAL_RTC_SetDate   stm32f4xx_hal_rtc.o
    0x080017f0   0x080017f0   0x000000ec   Code   RO          634    i.HAL_RTC_SetTime   stm32f4xx_hal_rtc.o
    0x080018dc   0x080018dc   0x00000036   Code   RO          635    i.HAL_RTC_WaitForSynchro  stm32f4xx_hal_rtc.o
    0x08001912   0x08001912   0x00000028   Code   RO         1841    i.HAL_SYSTICK_Config  stm32f4xx_hal_cortex.o
    0x0800193a   0x0800193a   0x00000002   Code   RO         2275    i.HAL_UART_ErrorCallback  stm32f4xx_hal_uart.o
    0x0800193c   0x0800193c   0x00000114   Code   RO         2278    i.HAL_UART_IRQHandler  stm32f4xx_hal_uart.o
    0x08001a50   0x08001a50   0x00000062   Code   RO         2279    i.HAL_UART_Init     stm32f4xx_hal_uart.o
    0x08001ab2   0x08001ab2   0x00000002   PAD
    0x08001ab4   0x08001ab4   0x0000007c   Code   RO          472    i.HAL_UART_MspInit  usart.o
    0x08001b30   0x08001b30   0x00000052   Code   RO         2284    i.HAL_UART_Receive_IT  stm32f4xx_hal_uart.o
    0x08001b82   0x08001b82   0x00000002   PAD
    0x08001b84   0x08001b84   0x00000070   Code   RO          331    i.HAL_UART_RxCpltCallback  main.o
    0x08001bf4   0x08001bf4   0x000000ba   Code   RO         2287    i.HAL_UART_Transmit  stm32f4xx_hal_uart.o
    0x08001cae   0x08001cae   0x00000002   Code   RO         2290    i.HAL_UART_TxCpltCallback  stm32f4xx_hal_uart.o
    0x08001cb0   0x08001cb0   0x00000002   Code   RO          515    i.HardFault_Handler  stm32f4xx_it.o
    0x08001cb2   0x08001cb2   0x00000002   PAD
    0x08001cb4   0x08001cb4   0x000001ec   Code   RO          405    i.MX_GPIO_Init      gpio.o
    0x08001ea0   0x08001ea0   0x00000034   Code   RO          431    i.MX_RTC_Init       rtc.o
    0x08001ed4   0x08001ed4   0x00000038   Code   RO          473    i.MX_UART5_Init     usart.o
    0x08001f0c   0x08001f0c   0x00000002   Code   RO          516    i.MemManage_Handler  stm32f4xx_it.o
    0x08001f0e   0x08001f0e   0x00000002   Code   RO          517    i.NMI_Handler       stm32f4xx_it.o
    0x08001f10   0x08001f10   0x00000002   Code   RO          518    i.PendSV_Handler    stm32f4xx_it.o
    0x08001f12   0x08001f12   0x00000016   Code   RO          637    i.RTC_ByteToBcd2    stm32f4xx_hal_rtc.o
    0x08001f28   0x08001f28   0x0000003a   Code   RO          638    i.RTC_EnterInitMode  stm32f4xx_hal_rtc.o
    0x08001f62   0x08001f62   0x00000002   Code   RO          519    i.SVC_Handler       stm32f4xx_it.o
    0x08001f64   0x08001f64   0x00000014   Code   RO          520    i.SysTick_Handler   stm32f4xx_it.o
    0x08001f78   0x08001f78   0x000000a4   Code   RO          332    i.SystemClock_Config  main.o
    0x0800201c   0x0800201c   0x0000001c   Code   RO         2581    i.SystemInit        system_stm32f4xx.o
    0x08002038   0x08002038   0x0000000c   Code   RO          521    i.UART5_IRQHandler  stm32f4xx_it.o
    0x08002044   0x08002044   0x00000010   Code   RO         2292    i.UART_DMAAbortOnError  stm32f4xx_hal_uart.o
    0x08002054   0x08002054   0x0000001c   Code   RO         2302    i.UART_EndRxTransfer  stm32f4xx_hal_uart.o
    0x08002070   0x08002070   0x00000096   Code   RO         2304    i.UART_Receive_IT   stm32f4xx_hal_uart.o
    0x08002106   0x08002106   0x00000002   PAD
    0x08002108   0x08002108   0x00000128   Code   RO         2305    i.UART_SetConfig    stm32f4xx_hal_uart.o
    0x08002230   0x08002230   0x00000062   Code   RO         2306    i.UART_Transmit_IT  stm32f4xx_hal_uart.o
    0x08002292   0x08002292   0x00000064   Code   RO         2307    i.UART_WaitOnFlagUntilTimeout  stm32f4xx_hal_uart.o
    0x080022f6   0x080022f6   0x00000002   Code   RO          522    i.UsageFault_Handler  stm32f4xx_it.o
    0x080022f8   0x080022f8   0x00000030   Code   RO         2720    i.__0snprintf$3     mc_w.l(printf3.o)
    0x08002328   0x08002328   0x00000020   Code   RO         1843    i.__NVIC_SetPriority  stm32f4xx_hal_cortex.o
    0x08002348   0x08002348   0x0000000e   Code   RO         2952    i.__scatterload_copy  mc_w.l(handlers.o)
    0x08002356   0x08002356   0x00000002   Code   RO         2953    i.__scatterload_null  mc_w.l(handlers.o)
    0x08002358   0x08002358   0x0000000e   Code   RO         2954    i.__scatterload_zeroinit  mc_w.l(handlers.o)
    0x08002366   0x08002366   0x00000002   PAD
    0x08002368   0x08002368   0x000001b8   Code   RO         2726    i._printf_core      mc_w.l(printf3.o)
    0x08002520   0x08002520   0x00000016   Code   RO         2727    i._snputc           mc_w.l(printf3.o)
    0x08002536   0x08002536   0x00000016   Code   RO           10    i.clear_gsm_uart    machine.o
    0x0800254c   0x0800254c   0x00000038   Code   RO          100    i.close_conn        platform_specific.o
    0x08002584   0x08002584   0x00000024   Code   RO           11    i.command_window_init  machine.o
    0x080025a8   0x080025a8   0x000000a4   Code   RO          101    i.get_clock         platform_specific.o
    0x0800264c   0x0800264c   0x00000044   Code   RO           12    i.get_command_window_status  machine.o
    0x08002690   0x08002690   0x00000048   Code   RO          102    i.get_imei          platform_specific.o
    0x080026d8   0x080026d8   0x00000070   Code   RO          103    i.init_all_command_window  platform_specific.o
    0x08002748   0x08002748   0x000000e4   Code   RO           14    i.machine_loop      machine.o
    0x0800282c   0x0800282c   0x00000064   Code   RO           16    i.machine_start     machine.o
    0x08002890   0x08002890   0x00000118   Code   RO           17    i.machine_systick   machine.o
    0x080029a8   0x080029a8   0x00000044   Code   RO           18    i.machine_trans     machine.o
    0x080029ec   0x080029ec   0x000000b8   Code   RO          333    i.main              main.o
    0x08002aa4   0x08002aa4   0x00000064   Code   RO          104    i.put_connect_host  platform_specific.o
    0x08002b08   0x08002b08   0x00000034   Code   RO          105    i.send_data_to_host  platform_specific.o
    0x08002b3c   0x08002b3c   0x00000014   Code   RO          106    i.switch_to_command_mode  platform_specific.o
    0x08002b50   0x08002b50   0x00000018   Code   RO          334    i.uart_tx_platform_specific  main.o
    0x08002b68   0x08002b68   0x00000010   Data   RO         2582    .constdata          system_stm32f4xx.o
    0x08002b78   0x08002b78   0x00000008   Data   RO         2583    .constdata          system_stm32f4xx.o
    0x08002b80   0x08002b80   0x00000040   Data   RO         2948    .constdata          mc_w.l(ctype_c.o)
    0x08002bc0   0x08002bc0   0x00000009   Data   RO          109    .conststring        platform_specific.o
    0x08002bc9   0x08002bc9   0x00000003   PAD
    0x08002bcc   0x08002bcc   0x00000004   Data   RO          110    .conststring        platform_specific.o
    0x08002bd0   0x08002bd0   0x00000005   Data   RO          111    .conststring        platform_specific.o
    0x08002bd5   0x08002bd5   0x00000003   PAD
    0x08002bd8   0x08002bd8   0x00000006   Data   RO          112    .conststring        platform_specific.o
    0x08002bde   0x08002bde   0x00000002   PAD
    0x08002be0   0x08002be0   0x0000000d   Data   RO          114    .conststring        platform_specific.o
    0x08002bed   0x08002bed   0x00000003   PAD
    0x08002bf0   0x08002bf0   0x0000000f   Data   RO          115    .conststring        platform_specific.o
    0x08002bff   0x08002bff   0x00000001   PAD
    0x08002c00   0x08002c00   0x0000000f   Data   RO          116    .conststring        platform_specific.o
    0x08002c0f   0x08002c0f   0x00000001   PAD
    0x08002c10   0x08002c10   0x00000014   Data   RO          117    .conststring        platform_specific.o
    0x08002c24   0x08002c24   0x0000001c   Data   RO          118    .conststring        platform_specific.o
    0x08002c40   0x08002c40   0x0000000b   Data   RO          119    .conststring        platform_specific.o
    0x08002c4b   0x08002c4b   0x00000001   PAD
    0x08002c4c   0x08002c4c   0x0000000d   Data   RO          120    .conststring        platform_specific.o
    0x08002c59   0x08002c59   0x00000003   PAD
    0x08002c5c   0x08002c5c   0x0000001e   Data   RO          121    .conststring        platform_specific.o
    0x08002c7a   0x08002c7a   0x00000002   PAD
    0x08002c7c   0x08002c7c   0x0000000f   Data   RO          122    .conststring        platform_specific.o
    0x08002c8b   0x08002c8b   0x00000001   PAD
    0x08002c8c   0x08002c8c   0x0000000d   Data   RO          123    .conststring        platform_specific.o
    0x08002c99   0x08002c99   0x00000003   PAD
    0x08002c9c   0x08002c9c   0x00000009   Data   RO          124    .conststring        platform_specific.o
    0x08002ca5   0x08002ca5   0x00000003   PAD
    0x08002ca8   0x08002ca8   0x0000000f   Data   RO          125    .conststring        platform_specific.o
    0x08002cb7   0x08002cb7   0x00000001   PAD
    0x08002cb8   0x08002cb8   0x00000028   Data   RO          128    .conststring        platform_specific.o
    0x08002ce0   0x08002ce0   0x0000000e   Data   RO          129    .conststring        platform_specific.o
    0x08002cee   0x08002cee   0x00000002   PAD
    0x08002cf0   0x08002cf0   0x00000020   Data   RO         2950    Region$$Table       anon$$obj.o


    Execution Region RW_IRAM1 (Exec base: 0x20000000, Load base: 0x08002d10, Size: 0x00003868, Max: 0x00020000, ABSOLUTE, COMPRESSED[0x000000f4])

    Exec Addr    Load Addr    Size         Type   Attr      Idx    E Section Name        Object

    0x20000000   COMPRESSED   0x0000000c   Data   RW           21    .data               machine.o
    0x2000000c   COMPRESSED   0x00000024   Data   RW          132    .data               platform_specific.o
    0x20000030   COMPRESSED   0x00000024   Data   RW          133    .data               platform_specific.o
    0x20000054   COMPRESSED   0x00000024   Data   RW          134    .data               platform_specific.o
    0x20000078   COMPRESSED   0x00000024   Data   RW          135    .data               platform_specific.o
    0x2000009c   COMPRESSED   0x0000005c   Data   RW          136    .data               platform_specific.o
    0x200000f8   COMPRESSED   0x00000024   Data   RW          138    .data               platform_specific.o
    0x2000011c   COMPRESSED   0x00000024   Data   RW          139    .data               platform_specific.o
    0x20000140   COMPRESSED   0x00000024   Data   RW          140    .data               platform_specific.o
    0x20000164   COMPRESSED   0x00000024   Data   RW          141    .data               platform_specific.o
    0x20000188   COMPRESSED   0x00000024   Data   RW          142    .data               platform_specific.o
    0x200001ac   COMPRESSED   0x00000024   Data   RW          143    .data               platform_specific.o
    0x200001d0   COMPRESSED   0x00000024   Data   RW          144    .data               platform_specific.o
    0x200001f4   COMPRESSED   0x00000024   Data   RW          145    .data               platform_specific.o
    0x20000218   COMPRESSED   0x00000024   Data   RW          146    .data               platform_specific.o
    0x2000023c   COMPRESSED   0x00000024   Data   RW          147    .data               platform_specific.o
    0x20000260   COMPRESSED   0x00000024   Data   RW          148    .data               platform_specific.o
    0x20000284   COMPRESSED   0x00000024   Data   RW          149    .data               platform_specific.o
    0x200002a8   COMPRESSED   0x00000024   Data   RW          152    .data               platform_specific.o
    0x200002cc   COMPRESSED   0x00000024   Data   RW          153    .data               platform_specific.o
    0x200002f0   COMPRESSED   0x00000024   Data   RW          154    .data               platform_specific.o
    0x20000314   COMPRESSED   0x00000024   Data   RW          155    .data               platform_specific.o
    0x20000338   COMPRESSED   0x00000001   Data   RW          338    .data               main.o
    0x20000339   COMPRESSED   0x00000003   PAD
    0x2000033c   COMPRESSED   0x0000000c   Data   RW         1987    .data               stm32f4xx_hal.o
    0x20000348   COMPRESSED   0x00000004   Data   RW         2584    .data               system_stm32f4xx.o
    0x2000034c        -       0x000001f6   Zero   RW           20    .bss                machine.o
    0x20000542   COMPRESSED   0x00000002   PAD
    0x20000544        -       0x0000004c   Zero   RW          107    .bss                platform_specific.o
    0x20000590        -       0x0000001c   Zero   RW          335    .bss                main.o
    0x200005ac        -       0x00000258   Zero   RW          336    .bss                main.o
    0x20000804        -       0x00000020   Zero   RW          432    .bss                rtc.o
    0x20000824        -       0x00000040   Zero   RW          474    .bss                usart.o
    0x20000864   COMPRESSED   0x00000004   PAD
    0x20000868        -       0x00003000   Zero   RW            1    STACK               startup_stm32f446xx.o


==============================================================================

Image component sizes


      Code (inc. data)   RO Data    RW Data    ZI Data      Debug   Object Name

       492         32          0          0          0       1279   gpio.o
       802         30          0         12        502      13056   machine.o
       614        104          0          1        628       4427   main.o
       576        146        275        812         76     692664   platform_specific.o
        76         16          0          0         32       1487   rtc.o
        36          8        452          0      12288        840   startup_stm32f446xx.o
       180         28          0         12          0       9301   stm32f4xx_hal.o
       198         14          0          0          0      33971   stm32f4xx_hal_cortex.o
        36          0          0          0          0       1219   stm32f4xx_hal_dma.o
       434         40          0          0          0       2400   stm32f4xx_hal_gpio.o
        48          6          0          0          0        862   stm32f4xx_hal_msp.o
       372         44          0          0          0       2906   stm32f4xx_hal_rcc.o
      2056         70          0          0          0       4514   stm32f4xx_hal_rcc_ex.o
       742         18          0          0          0       5468   stm32f4xx_hal_rtc.o
      1334         16          0          0          0       9827   stm32f4xx_hal_uart.o
        48         10          0          0          0       4721   stm32f4xx_it.o
        28          6         24          4          0       1167   system_stm32f4xx.o
       180         22          0          0         64       1724   usart.o

    ----------------------------------------------------------------------
      8264        610        812        844      13596     791833   Object Totals
         0          0         32          0          0          0   (incl. Generated)
        12          0         29          3          6          0   (incl. Padding)

    ----------------------------------------------------------------------

      Code (inc. data)   RO Data    RW Data    ZI Data      Debug   Library Member Name

        56          8          0          0          0         84   __0sscanf.o
        86          0          0          0          0          0   __dczerorl2.o
        28          0          0          0          0         68   _chval.o
       812          4          0          0          0        112   _scanf.o
       332          0          0          0          0         96   _scanf_int.o
        64          0          0          0          0         84   _sgetc.o
        40          6         64          0          0         68   ctype_c.o
         0          0          0          0          0          0   entry.o
         0          0          0          0          0          0   entry10a.o
         0          0          0          0          0          0   entry11a.o
         8          4          0          0          0          0   entry2.o
         4          0          0          0          0          0   entry5.o
         0          0          0          0          0          0   entry7b.o
         0          0          0          0          0          0   entry8b.o
         8          4          0          0          0          0   entry9a.o
        30          0          0          0          0          0   handlers.o
        36          8          0          0          0         68   init.o
        10          0          0          0          0         68   isspace_c.o
        30          0          0          0          0         68   llshl.o
        32          0          0          0          0         68   llushr.o
        36          0          0          0          0         68   memcpya.o
        36          0          0          0          0        108   memseta.o
       510          8          0          0          0        252   printf3.o
        40          8          0          0          0         84   scanf_char.o
        14          0          0          0          0         68   strlen.o
        36          0          0          0          0         80   strstr.o
        44          0          0          0          0         80   uidiv.o
        98          0          0          0          0         92   uldiv.o

    ----------------------------------------------------------------------
      2396         50         64          0          0       1616   Library Totals
         6          0          0          0          0          0   (incl. Padding)

    ----------------------------------------------------------------------

      Code (inc. data)   RO Data    RW Data    ZI Data      Debug   Library Name

      2390         50         64          0          0       1616   mc_w.l

    ----------------------------------------------------------------------
      2396         50         64          0          0       1616   Library Totals

    ----------------------------------------------------------------------

==============================================================================


      Code (inc. data)   RO Data    RW Data    ZI Data      Debug   

     10660        660        876        844      13596     786201   Grand Totals
     10660        660        876        244      13596     786201   ELF Image Totals (compressed)
     10660        660        876        244          0          0   ROM Totals

==============================================================================

    Total RO  Size (Code + RO Data)                11536 (  11.27kB)
    Total RW  Size (RW Data + ZI Data)             14440 (  14.10kB)
    Total ROM Size (Code + RO Data + RW Data)      11780 (  11.50kB)

==============================================================================

